Feb 24 06:38:24 ubuntu-server systemd[1]: Starting Flush Journal to Persistent Storage...
Feb 24 06:38:24 ubuntu-server kernel: [    0.000000] Linux version 4.15.0-156-generic (buildd@lcy01-amd64-008) (gcc version 7.5.0 (Ubuntu 7.5.0-3ubuntu1~18.04)) #163-Ubuntu SMP Thu Aug 19 23:31:58 UTC 2021 (Ubuntu 4.15.0-156.163-generic 4.15.18)
Feb 24 06:38:24 ubuntu-server systemd-modules-load[2895]: Inserted module 'iscsi_tcp'
Feb 24 06:38:24 ubuntu-server kernel: [    0.000000] Command line: BOOT_IMAGE=/casper/vmlinuz boot=casper autoinstall ds=nocloud;s=/cdrom/autoinstall/ preseed/file=/cdrom/preseed.cfg --- quiet
Feb 24 06:38:24 ubuntu-server kernel: [    0.000000] KERNEL supported cpus:
Feb 24 06:38:24 ubuntu-server kernel: [    0.000000]   Intel GenuineIntel
Feb 24 06:38:24 ubuntu-server systemd[1]: Started Flush Journal to Persistent Storage.
Feb 24 06:38:24 ubuntu-server systemd[1]: Started Create Static Device Nodes in /dev.
Feb 24 06:38:24 ubuntu-server systemd[1]: Starting udev Kernel Device Manager...
Feb 24 06:38:24 ubuntu-server systemd[1]: Started udev Coldplug all Devices.
Feb 24 06:38:24 ubuntu-server systemd-modules-load[2895]: Inserted module 'ib_iser'
Feb 24 06:38:24 ubuntu-server kernel: [    0.000000]   AMD AuthenticAMD
Feb 24 06:38:24 ubuntu-server kernel: [    0.000000]   Centaur CentaurHauls
Feb 24 06:38:24 ubuntu-server kernel: [    0.000000] x86/fpu: Supporting XSAVE feature 0x001: 'x87 floating point registers'
Feb 24 06:38:24 ubuntu-server kernel: [    0.000000] x86/fpu: Supporting XSAVE feature 0x002: 'SSE registers'
Feb 24 06:38:24 ubuntu-server kernel: [    0.000000] x86/fpu: Supporting XSAVE feature 0x004: 'AVX registers'
Feb 24 06:38:24 ubuntu-server kernel: [    0.000000] x86/fpu: Supporting XSAVE feature 0x020: 'AVX-512 opmask'
Feb 24 06:38:24 ubuntu-server kernel: [    0.000000] x86/fpu: Supporting XSAVE feature 0x040: 'AVX-512 Hi256'
Feb 24 06:38:24 ubuntu-server systemd[1]: Started Load Kernel Modules.
Feb 24 06:38:24 ubuntu-server kernel: [    0.000000] x86/fpu: Supporting XSAVE feature 0x080: 'AVX-512 ZMM_Hi256'
Feb 24 06:38:24 ubuntu-server kernel: [    0.000000] x86/fpu: Supporting XSAVE feature 0x200: 'Protection Keys User registers'
Feb 24 06:38:24 ubuntu-server kernel: [    0.000000] x86/fpu: xstate_offset[2]:  576, xstate_sizes[2]:  256
Feb 24 06:38:24 ubuntu-server kernel: [    0.000000] x86/fpu: xstate_offset[5]:  832, xstate_sizes[5]:   64
Feb 24 06:38:24 ubuntu-server systemd[1]: Mounting FUSE Control File System...
Feb 24 06:38:24 ubuntu-server kernel: [    0.000000] x86/fpu: xstate_offset[6]:  896, xstate_sizes[6]:  512
Feb 24 06:38:24 ubuntu-server kernel: [    0.000000] x86/fpu: xstate_offset[7]: 1408, xstate_sizes[7]: 1024
Feb 24 06:38:24 ubuntu-server systemd[1]: Starting Apply Kernel Variables...
Feb 24 06:38:24 ubuntu-server kernel: [    0.000000] x86/fpu: xstate_offset[9]: 2432, xstate_sizes[9]:    8
Feb 24 06:38:24 ubuntu-server kernel: [    0.000000] x86/fpu: Enabled xstate features 0x2e7, context size is 2440 bytes, using 'compacted' format.
Feb 24 06:38:24 ubuntu-server kernel: [    0.000000] e820: BIOS-provided physical RAM map:
Feb 24 06:38:24 ubuntu-server kernel: [    0.000000] BIOS-e820: [mem 0x0000000000000000-0x000000000009ffff] usable
Feb 24 06:38:24 ubuntu-server kernel: [    0.000000] BIOS-e820: [mem 0x00000000000a0000-0x00000000000fffff] reserved
Feb 24 06:38:24 ubuntu-server kernel: [    0.000000] BIOS-e820: [mem 0x0000000000100000-0x000000005bff5fff] usable
Feb 24 06:38:24 ubuntu-server kernel: [    0.000000] BIOS-e820: [mem 0x000000005bff6000-0x00000000606bffff] reserved
Feb 24 06:38:24 ubuntu-server systemd[1]: Mounting Kernel Configuration File System...
Feb 24 06:38:24 ubuntu-server kernel: [    0.000000] BIOS-e820: [mem 0x00000000606c0000-0x0000000060fbffff] ACPI data
Feb 24 06:38:24 ubuntu-server kernel: [    0.000000] BIOS-e820: [mem 0x0000000060fc0000-0x0000000061f00fff] ACPI NVS
Feb 24 06:38:24 ubuntu-server kernel: [    0.000000] BIOS-e820: [mem 0x0000000061f01000-0x000000006d9fdfff] reserved
Feb 24 06:38:24 ubuntu-server kernel: [    0.000000] BIOS-e820: [mem 0x000000006d9fe000-0x000000006d9fefff] usable
Feb 24 06:38:24 ubuntu-server kernel: [    0.000000] BIOS-e820: [mem 0x000000006d9ff000-0x000000006d9fffff] ACPI data
Feb 24 06:38:24 ubuntu-server kernel: [    0.000000] BIOS-e820: [mem 0x000000006da00000-0x00000000777fffff] usable
Feb 24 06:38:24 ubuntu-server kernel: [    0.000000] BIOS-e820: [mem 0x0000000077800000-0x000000008fffffff] reserved
Feb 24 06:38:24 ubuntu-server kernel: [    0.000000] BIOS-e820: [mem 0x000000009a3f0000-0x000000009a3fffff] reserved
Feb 24 06:38:24 ubuntu-server kernel: [    0.000000] BIOS-e820: [mem 0x00000000aabf0000-0x00000000aabfffff] reserved
Feb 24 06:38:24 ubuntu-server systemd[1]: Started Set the console keyboard layout.
Feb 24 06:38:24 ubuntu-server kernel: [    0.000000] BIOS-e820: [mem 0x00000000cdbf0000-0x00000000cdbfffff] reserved
Feb 24 06:38:24 ubuntu-server kernel: [    0.000000] BIOS-e820: [mem 0x00000000d5ff0000-0x00000000d5ffffff] reserved
Feb 24 06:38:24 ubuntu-server kernel: [    0.000000] BIOS-e820: [mem 0x00000000dda00000-0x00000000ddefffff] reserved
Feb 24 06:38:24 ubuntu-server kernel: [    0.000000] BIOS-e820: [mem 0x00000000ddff0000-0x00000000ddffffff] reserved
Feb 24 06:38:24 ubuntu-server systemd[1]: Mounted FUSE Control File System.
Feb 24 06:38:24 ubuntu-server kernel: [    0.000000] BIOS-e820: [mem 0x00000000f6830000-0x00000000f6830fff] reserved
Feb 24 06:38:24 ubuntu-server kernel: [    0.000000] BIOS-e820: [mem 0x00000000fda00000-0x00000000feafffff] reserved
Feb 24 06:38:24 ubuntu-server kernel: [    0.000000] BIOS-e820: [mem 0x00000000ff000000-0x00000000ffffffff] reserved
Feb 24 06:38:24 ubuntu-server kernel: [    0.000000] BIOS-e820: [mem 0x0000000100000000-0x000000407effffff] usable
Feb 24 06:38:24 ubuntu-server kernel: [    0.000000] BIOS-e820: [mem 0x000000407f000000-0x000000407fffffff] reserved
Feb 24 06:38:24 ubuntu-server systemd[1]: Mounted Kernel Configuration File System.
Feb 24 06:38:24 ubuntu-server kernel: [    0.000000] BIOS-e820: [mem 0x0000004080000000-0x000001007fffffff] usable
Feb 24 06:38:24 ubuntu-server systemd[1]: Started LVM2 metadata daemon.
Feb 24 06:38:24 ubuntu-server kernel: [    0.000000] BIOS-e820: [mem 0x000021fffff00000-0x000021fffff1ffff] reserved
Feb 24 06:38:24 ubuntu-server systemd[1]: Started udev Kernel Device Manager.
Feb 24 06:38:24 ubuntu-server kernel: [    0.000000] BIOS-e820: [mem 0x0000223fffe00000-0x0000223ffff0ffff] reserved
Feb 24 06:38:24 ubuntu-server kernel: [    0.000000] NX (Execute Disable) protection: active
Feb 24 06:38:24 ubuntu-server kernel: [    0.000000] e820: update [mem 0x53217018-0x5321d457] usable ==> usable
Feb 24 06:38:24 ubuntu-server kernel: [    0.000000] e820: update [mem 0x53217018-0x5321d457] usable ==> usable
Feb 24 06:38:24 ubuntu-server kernel: [    0.000000] extended physical RAM map:
Feb 24 06:38:24 ubuntu-server kernel: [    0.000000] reserve setup_data: [mem 0x0000000000000000-0x000000000009ffff] usable
Feb 24 06:38:24 ubuntu-server systemd[1]: Started Dispatch Password Requests to Console Directory Watch.
Feb 24 06:38:24 ubuntu-server kernel: [    0.000000] reserve setup_data: [mem 0x00000000000a0000-0x00000000000fffff] reserved
Feb 24 06:38:24 ubuntu-server kernel: [    0.000000] reserve setup_data: [mem 0x0000000000100000-0x0000000053217017] usable
Feb 24 06:38:24 ubuntu-server systemd[1]: Reached target Local Encrypted Volumes.
Feb 24 06:38:24 ubuntu-server kernel: [    0.000000] reserve setup_data: [mem 0x0000000053217018-0x000000005321d457] usable
Feb 24 06:38:24 ubuntu-server kernel: [    0.000000] reserve setup_data: [mem 0x000000005321d458-0x000000005bff5fff] usable
Feb 24 06:38:24 ubuntu-server kernel: [    0.000000] reserve setup_data: [mem 0x000000005bff6000-0x00000000606bffff] reserved
Feb 24 06:38:24 ubuntu-server kernel: [    0.000000] reserve setup_data: [mem 0x00000000606c0000-0x0000000060fbffff] ACPI data
Feb 24 06:38:24 ubuntu-server kernel: [    0.000000] reserve setup_data: [mem 0x0000000060fc0000-0x0000000061f00fff] ACPI NVS
Feb 24 06:38:24 ubuntu-server kernel: [    0.000000] reserve setup_data: [mem 0x0000000061f01000-0x000000006d9fdfff] reserved
Feb 24 06:38:24 ubuntu-server kernel: [    0.000000] reserve setup_data: [mem 0x000000006d9fe000-0x000000006d9fefff] usable
Feb 24 06:38:24 ubuntu-server kernel: [    0.000000] reserve setup_data: [mem 0x000000006d9ff000-0x000000006d9fffff] ACPI data
Feb 24 06:38:24 ubuntu-server kernel: [    0.000000] reserve setup_data: [mem 0x000000006da00000-0x00000000777fffff] usable
Feb 24 06:38:24 ubuntu-server kernel: [    0.000000] reserve setup_data: [mem 0x0000000077800000-0x000000008fffffff] reserved
Feb 24 06:38:24 ubuntu-server kernel: [    0.000000] reserve setup_data: [mem 0x000000009a3f0000-0x000000009a3fffff] reserved
Feb 24 06:38:24 ubuntu-server lvm[2893]:   1 logical volume(s) in volume group "ubuntu-vg" monitored
Feb 24 06:38:24 ubuntu-server kernel: [    0.000000] reserve setup_data: [mem 0x00000000aabf0000-0x00000000aabfffff] reserved
Feb 24 06:38:24 ubuntu-server kernel: [    0.000000] reserve setup_data: [mem 0x00000000cdbf0000-0x00000000cdbfffff] reserved
Feb 24 06:38:24 ubuntu-server kernel: [    0.000000] reserve setup_data: [mem 0x00000000d5ff0000-0x00000000d5ffffff] reserved
Feb 24 06:38:24 ubuntu-server kernel: [    0.000000] reserve setup_data: [mem 0x00000000dda00000-0x00000000ddefffff] reserved
Feb 24 06:38:24 ubuntu-server kernel: [    0.000000] reserve setup_data: [mem 0x00000000ddff0000-0x00000000ddffffff] reserved
Feb 24 06:38:24 ubuntu-server kernel: [    0.000000] reserve setup_data: [mem 0x00000000f6830000-0x00000000f6830fff] reserved
Feb 24 06:38:24 ubuntu-server kernel: [    0.000000] reserve setup_data: [mem 0x00000000fda00000-0x00000000feafffff] reserved
Feb 24 06:38:24 ubuntu-server systemd[1]: Started Apply Kernel Variables.
Feb 24 06:38:24 ubuntu-server kernel: [    0.000000] reserve setup_data: [mem 0x00000000ff000000-0x00000000ffffffff] reserved
Feb 24 06:38:24 ubuntu-server kernel: [    0.000000] reserve setup_data: [mem 0x0000000100000000-0x000000407effffff] usable
Feb 24 06:38:24 ubuntu-server kernel: [    0.000000] reserve setup_data: [mem 0x000000407f000000-0x000000407fffffff] reserved
Feb 24 06:38:24 ubuntu-server kernel: [    0.000000] reserve setup_data: [mem 0x0000004080000000-0x000001007fffffff] usable
Feb 24 06:38:24 ubuntu-server kernel: [    0.000000] reserve setup_data: [mem 0x000021fffff00000-0x000021fffff1ffff] reserved
Feb 24 06:38:24 ubuntu-server kernel: [    0.000000] reserve setup_data: [mem 0x0000223fffe00000-0x0000223ffff0ffff] reserved
Feb 24 06:38:24 ubuntu-server systemd[1]: Started Monitoring of LVM2 mirrors, snapshots etc. using dmeventd or progress polling.
Feb 24 06:38:24 ubuntu-server kernel: [    0.000000] efi: EFI v2.90 by American Megatrends
Feb 24 06:38:24 ubuntu-server kernel: [    0.000000] efi:  ACPI=0x60fbf000  ACPI 2.0=0x60fbf014  SMBIOS=0x6d408000  SMBIOS 3.0=0x6d407000  MEMATTR=0x5921a018 
Feb 24 06:38:24 ubuntu-server kernel: [    0.000000] efi: memattr: Unexpected EFI Memory Attributes table version 2
Feb 24 06:38:24 ubuntu-server kernel: [    0.000000] secureboot: Secure boot disabled
Feb 24 06:38:24 ubuntu-server kernel: [    0.000000] SMBIOS 3.7.0 present.
Feb 24 06:38:24 ubuntu-server kernel: [    0.000000] DMI: To be filled by O.E.M. To be filled by O.E.M./To be filled by O.E.M., BIOS V1.09 10/16/2025
Feb 24 06:38:24 ubuntu-server systemd[1]: Reached target Local File Systems (Pre).
Feb 24 06:38:24 ubuntu-server kernel: [    0.000000] e820: update [mem 0x00000000-0x00000fff] usable ==> reserved
Feb 24 06:38:24 ubuntu-server kernel: [    0.000000] e820: remove [mem 0x000a0000-0x000fffff] usable
Feb 24 06:38:24 ubuntu-server kernel: [    0.000000] e820: last_pfn = 0x10080000 max_arch_pfn = 0x400000000
Feb 24 06:38:24 ubuntu-server kernel: [    0.000000] MTRR default type: uncachable
Feb 24 06:38:24 ubuntu-server kernel: [    0.000000] MTRR fixed ranges enabled:
Feb 24 06:38:24 ubuntu-server kernel: [    0.000000]   00000-9FFFF write-back
Feb 24 06:38:24 ubuntu-server kernel: [    0.000000]   A0000-FFFFF uncachable
Feb 24 06:38:24 ubuntu-server systemd[1]: tmp.mount: Directory /tmp to mount over is not empty, mounting anyway.
Feb 24 06:38:24 ubuntu-server kernel: [    0.000000] MTRR variable ranges enabled:
Feb 24 06:38:24 ubuntu-server kernel: [    0.000000]   0 base 0100000000000 mask FF80000000000 write-back
Feb 24 06:38:24 ubuntu-server kernel: [    0.000000]   1 base 0000000000000 mask FF00000000000 write-back
Feb 24 06:38:24 ubuntu-server kernel: [    0.000000]   2 base 0000080000000 mask FFFFF80000000 uncachable
Feb 24 06:38:24 ubuntu-server kernel: [    0.000000]   3 disabled
Feb 24 06:38:24 ubuntu-server kernel: [    0.000000]   4 disabled
Feb 24 06:38:24 ubuntu-server kernel: [    0.000000]   5 disabled
Feb 24 06:38:24 ubuntu-server systemd[1]: Mounting /tmp...
Feb 24 06:38:24 ubuntu-server kernel: [    0.000000]   6 disabled
Feb 24 06:38:24 ubuntu-server kernel: [    0.000000]   7 disabled
Feb 24 06:38:24 ubuntu-server kernel: [    0.000000]   8 disabled
Feb 24 06:38:24 ubuntu-server kernel: [    0.000000]   9 disabled
Feb 24 06:38:24 ubuntu-server kernel: [    0.000000] x86/PAT: Configuration [0-7]: WB  WC  UC- UC  WB  WP  UC- WT  
Feb 24 06:38:24 ubuntu-server kernel: [    0.000000] total RAM covered: 25163776M
Feb 24 06:38:24 ubuntu-server kernel: [    0.000000]  gran_size: 64K 	chunk_size: 64K 	num_reg: 10  	lose cover RAM: 22528G
Feb 24 06:38:24 ubuntu-server systemd[1]: Mounting /media/filesystem...
Feb 24 06:38:24 ubuntu-server kernel: [    0.000000]  gran_size: 64K 	chunk_size: 128K 	num_reg: 10  	lose cover RAM: 22528G
Feb 24 06:38:24 ubuntu-server systemd[1]: Mounted /tmp.
Feb 24 06:38:24 ubuntu-server systemd[1]: Mounted /media/filesystem.
Feb 24 06:38:24 ubuntu-server systemd[1]: Mounting /media/region...
Feb 24 06:38:24 ubuntu-server systemd[1]: Mounting /media/rack...
Feb 24 06:38:24 ubuntu-server systemd[1]: Reached target Local File Systems.
Feb 24 06:38:24 ubuntu-server kernel: [    0.000000]  gran_size: 64K 	chunk_size: 256K 	num_reg: 10  	lose cover RAM: 22528G
Feb 24 06:38:24 ubuntu-server kernel: [    0.000000]  gran_size: 64K 	chunk_size: 512K 	num_reg: 10  	lose cover RAM: 22528G
Feb 24 06:38:24 ubuntu-server kernel: [    0.000000]  gran_size: 64K 	chunk_size: 1M 	num_reg: 10  	lose cover RAM: 22528G
Feb 24 06:38:24 ubuntu-server kernel: [    0.000000]  gran_size: 64K 	chunk_size: 2M 	num_reg: 10  	lose cover RAM: 22528G
Feb 24 06:38:24 ubuntu-server kernel: [    0.000000]  gran_size: 64K 	chunk_size: 4M 	num_reg: 10  	lose cover RAM: 22528G
Feb 24 06:38:24 ubuntu-server kernel: [    0.000000]  gran_size: 64K 	chunk_size: 8M 	num_reg: 10  	lose cover RAM: 22528G
Feb 24 06:38:24 ubuntu-server kernel: [    0.000000]  gran_size: 64K 	chunk_size: 16M 	num_reg: 10  	lose cover RAM: 22528G
Feb 24 06:38:24 ubuntu-server kernel: [    0.000000]  gran_size: 64K 	chunk_size: 32M 	num_reg: 10  	lose cover RAM: 22528G
Feb 24 06:38:24 ubuntu-server kernel: [    0.000000]  gran_size: 64K 	chunk_size: 64M 	num_reg: 10  	lose cover RAM: 22528G
Feb 24 06:38:24 ubuntu-server kernel: [    0.000000]  gran_size: 64K 	chunk_size: 128M 	num_reg: 10  	lose cover RAM: 22528G
Feb 24 06:38:24 ubuntu-server kernel: [    0.000000]  gran_size: 64K 	chunk_size: 256M 	num_reg: 10  	lose cover RAM: 22528G
Feb 24 06:38:24 ubuntu-server kernel: [    0.000000]  gran_size: 64K 	chunk_size: 512M 	num_reg: 10  	lose cover RAM: 22528G
Feb 24 06:38:24 ubuntu-server kernel: [    0.000000]  gran_size: 64K 	chunk_size: 1G 	num_reg: 10  	lose cover RAM: 22528G
Feb 24 06:38:24 ubuntu-server systemd[1]: Starting Load AppArmor profiles managed internally by snapd...
Feb 24 06:38:24 ubuntu-server kernel: [    0.000000]  gran_size: 64K 	chunk_size: 2G 	num_reg: 10  	lose cover RAM: 22528G
Feb 24 06:38:24 ubuntu-server kernel: [    0.000000]  gran_size: 128K 	chunk_size: 128K 	num_reg: 10  	lose cover RAM: 22528G
Feb 24 06:38:24 ubuntu-server kernel: [    0.000000]  gran_size: 128K 	chunk_size: 256K 	num_reg: 10  	lose cover RAM: 22528G
Feb 24 06:38:24 ubuntu-server kernel: [    0.000000]  gran_size: 128K 	chunk_size: 512K 	num_reg: 10  	lose cover RAM: 22528G
Feb 24 06:38:24 ubuntu-server kernel: [    0.000000]  gran_size: 128K 	chunk_size: 1M 	num_reg: 10  	lose cover RAM: 22528G
Feb 24 06:38:24 ubuntu-server mount[3105]: mount: /media/region: special device overlay does not exist.
Feb 24 06:38:24 ubuntu-server kernel: [    0.000000]  gran_size: 128K 	chunk_size: 2M 	num_reg: 10  	lose cover RAM: 22528G
Feb 24 06:38:24 ubuntu-server kernel: [    0.000000]  gran_size: 128K 	chunk_size: 4M 	num_reg: 10  	lose cover RAM: 22528G
Feb 24 06:38:24 ubuntu-server kernel: [    0.000000]  gran_size: 128K 	chunk_size: 8M 	num_reg: 10  	lose cover RAM: 22528G
Feb 24 06:38:24 ubuntu-server kernel: [    0.000000]  gran_size: 128K 	chunk_size: 16M 	num_reg: 10  	lose cover RAM: 22528G
Feb 24 06:38:24 ubuntu-server kernel: [    0.000000]  gran_size: 128K 	chunk_size: 32M 	num_reg: 10  	lose cover RAM: 22528G
Feb 24 06:38:24 ubuntu-server kernel: [    0.000000]  gran_size: 128K 	chunk_size: 64M 	num_reg: 10  	lose cover RAM: 22528G
Feb 24 06:38:24 ubuntu-server mount[3110]: mount: /media/rack: special device overlay does not exist.
Feb 24 06:38:24 ubuntu-server kernel: [    0.000000]  gran_size: 128K 	chunk_size: 128M 	num_reg: 10  	lose cover RAM: 22528G
Feb 24 06:38:24 ubuntu-server kernel: [    0.000000]  gran_size: 128K 	chunk_size: 256M 	num_reg: 10  	lose cover RAM: 22528G
Feb 24 06:38:24 ubuntu-server kernel: [    0.000000]  gran_size: 128K 	chunk_size: 512M 	num_reg: 10  	lose cover RAM: 22528G
Feb 24 06:38:24 ubuntu-server kernel: [    0.000000]  gran_size: 128K 	chunk_size: 1G 	num_reg: 10  	lose cover RAM: 22528G
Feb 24 06:38:24 ubuntu-server kernel: [    0.000000]  gran_size: 128K 	chunk_size: 2G 	num_reg: 10  	lose cover RAM: 22528G
Feb 24 06:38:24 ubuntu-server kernel: [    0.000000]  gran_size: 256K 	chunk_size: 256K 	num_reg: 10  	lose cover RAM: 22528G
Feb 24 06:38:24 ubuntu-server kernel: [    0.000000]  gran_size: 256K 	chunk_size: 512K 	num_reg: 10  	lose cover RAM: 22528G
Feb 24 06:38:24 ubuntu-server systemd[1]: Starting Create final runtime dir for shutdown pivot root...
Feb 24 06:38:24 ubuntu-server kernel: [    0.000000]  gran_size: 256K 	chunk_size: 1M 	num_reg: 10  	lose cover RAM: 22528G
Feb 24 06:38:24 ubuntu-server kernel: [    0.000000]  gran_size: 256K 	chunk_size: 2M 	num_reg: 10  	lose cover RAM: 22528G
Feb 24 06:38:24 ubuntu-server systemd[1]: Starting ebtables ruleset management...
Feb 24 06:38:24 ubuntu-server systemd[1]: Starting Tell Plymouth To Write Out Runtime Data...
Feb 24 06:38:24 ubuntu-server kernel: [    0.000000]  gran_size: 256K 	chunk_size: 4M 	num_reg: 10  	lose cover RAM: 22528G
Feb 24 06:38:24 ubuntu-server kernel: [    0.000000]  gran_size: 256K 	chunk_size: 8M 	num_reg: 10  	lose cover RAM: 22528G
Feb 24 06:38:24 ubuntu-server kernel: [    0.000000]  gran_size: 256K 	chunk_size: 16M 	num_reg: 10  	lose cover RAM: 22528G
Feb 24 06:38:24 ubuntu-server kernel: [    0.000000]  gran_size: 256K 	chunk_size: 32M 	num_reg: 10  	lose cover RAM: 22528G
Feb 24 06:38:24 ubuntu-server systemd[1]: Starting Create Volatile Files and Directories...
Feb 24 06:38:24 ubuntu-server kernel: [    0.000000]  gran_size: 256K 	chunk_size: 64M 	num_reg: 10  	lose cover RAM: 22528G
Feb 24 06:38:24 ubuntu-server kernel: [    0.000000]  gran_size: 256K 	chunk_size: 128M 	num_reg: 10  	lose cover RAM: 22528G
Feb 24 06:38:24 ubuntu-server kernel: [    0.000000]  gran_size: 256K 	chunk_size: 256M 	num_reg: 10  	lose cover RAM: 22528G
Feb 24 06:38:24 ubuntu-server kernel: [    0.000000]  gran_size: 256K 	chunk_size: 512M 	num_reg: 10  	lose cover RAM: 22528G
Feb 24 06:38:24 ubuntu-server kernel: [    0.000000]  gran_size: 256K 	chunk_size: 1G 	num_reg: 10  	lose cover RAM: 22528G
Feb 24 06:38:24 ubuntu-server kernel: [    0.000000]  gran_size: 256K 	chunk_size: 2G 	num_reg: 10  	lose cover RAM: 22528G
Feb 24 06:38:24 ubuntu-server systemd[1]: Starting Set console font and keymap...
Feb 24 06:38:24 ubuntu-server kernel: [    0.000000]  gran_size: 512K 	chunk_size: 512K 	num_reg: 10  	lose cover RAM: 22528G
Feb 24 06:38:24 ubuntu-server systemd[1]: media-region.mount: Mount process exited, code=exited status=32
Feb 24 06:38:24 ubuntu-server kernel: [    0.000000]  gran_size: 512K 	chunk_size: 1M 	num_reg: 10  	lose cover RAM: 22528G
Feb 24 06:38:24 ubuntu-server kernel: [    0.000000]  gran_size: 512K 	chunk_size: 2M 	num_reg: 10  	lose cover RAM: 22528G
Feb 24 06:38:24 ubuntu-server systemd[1]: media-region.mount: Failed with result 'exit-code'.
Feb 24 06:38:24 ubuntu-server kernel: [    0.000000]  gran_size: 512K 	chunk_size: 4M 	num_reg: 10  	lose cover RAM: 22528G
Feb 24 06:38:24 ubuntu-server systemd[1]: Failed to mount /media/region.
Feb 24 06:38:24 ubuntu-server kernel: [    0.000000]  gran_size: 512K 	chunk_size: 8M 	num_reg: 10  	lose cover RAM: 22528G
Feb 24 06:38:24 ubuntu-server kernel: [    0.000000]  gran_size: 512K 	chunk_size: 16M 	num_reg: 10  	lose cover RAM: 22528G
Feb 24 06:38:24 ubuntu-server kernel: [    0.000000]  gran_size: 512K 	chunk_size: 32M 	num_reg: 10  	lose cover RAM: 22528G
Feb 24 06:38:24 ubuntu-server kernel: [    0.000000]  gran_size: 512K 	chunk_size: 64M 	num_reg: 10  	lose cover RAM: 22528G
Feb 24 06:38:24 ubuntu-server systemd[1]: media-rack.mount: Mount process exited, code=exited status=32
Feb 24 06:38:24 ubuntu-server kernel: [    0.000000]  gran_size: 512K 	chunk_size: 128M 	num_reg: 10  	lose cover RAM: 22528G
Feb 24 06:38:24 ubuntu-server kernel: [    0.000000]  gran_size: 512K 	chunk_size: 256M 	num_reg: 10  	lose cover RAM: 22528G
Feb 24 06:38:24 ubuntu-server kernel: [    0.000000]  gran_size: 512K 	chunk_size: 512M 	num_reg: 10  	lose cover RAM: 22528G
Feb 24 06:38:24 ubuntu-server kernel: [    0.000000]  gran_size: 512K 	chunk_size: 1G 	num_reg: 10  	lose cover RAM: 22528G
Feb 24 06:38:24 ubuntu-server systemd[1]: media-rack.mount: Failed with result 'exit-code'.
Feb 24 06:38:24 ubuntu-server kernel: [    0.000000]  gran_size: 512K 	chunk_size: 2G 	num_reg: 10  	lose cover RAM: 22528G
Feb 24 06:38:24 ubuntu-server kernel: [    0.000000]  gran_size: 1M 	chunk_size: 1M 	num_reg: 10  	lose cover RAM: 22528G
Feb 24 06:38:24 ubuntu-server systemd[1]: Failed to mount /media/rack.
Feb 24 06:38:24 ubuntu-server kernel: [    0.000000]  gran_size: 1M 	chunk_size: 2M 	num_reg: 10  	lose cover RAM: 22528G
Feb 24 06:38:24 ubuntu-server kernel: [    0.000000]  gran_size: 1M 	chunk_size: 4M 	num_reg: 10  	lose cover RAM: 22528G
Feb 24 06:38:24 ubuntu-server kernel: [    0.000000]  gran_size: 1M 	chunk_size: 8M 	num_reg: 10  	lose cover RAM: 22528G
Feb 24 06:38:24 ubuntu-server kernel: [    0.000000]  gran_size: 1M 	chunk_size: 16M 	num_reg: 10  	lose cover RAM: 22528G
Feb 24 06:38:24 ubuntu-server kernel: [    0.000000]  gran_size: 1M 	chunk_size: 32M 	num_reg: 10  	lose cover RAM: 22528G
Feb 24 06:38:24 ubuntu-server kernel: [    0.000000]  gran_size: 1M 	chunk_size: 64M 	num_reg: 10  	lose cover RAM: 22528G
Feb 24 06:38:24 ubuntu-server kernel: [    0.000000]  gran_size: 1M 	chunk_size: 128M 	num_reg: 10  	lose cover RAM: 22528G
Feb 24 06:38:24 ubuntu-server kernel: [    0.000000]  gran_size: 1M 	chunk_size: 256M 	num_reg: 10  	lose cover RAM: 22528G
Feb 24 06:38:24 ubuntu-server kernel: [    0.000000]  gran_size: 1M 	chunk_size: 512M 	num_reg: 10  	lose cover RAM: 22528G
Feb 24 06:38:24 ubuntu-server kernel: [    0.000000]  gran_size: 1M 	chunk_size: 1G 	num_reg: 10  	lose cover RAM: 22528G
Feb 24 06:38:24 ubuntu-server snapd-apparmor[3118]: find: ‘/var/lib/snapd/apparmor/profiles/’: No such file or directory
Feb 24 06:38:24 ubuntu-server kernel: [    0.000000]  gran_size: 1M 	chunk_size: 2G 	num_reg: 10  	lose cover RAM: 22528G
Feb 24 06:38:24 ubuntu-server systemd[1]: Started Load AppArmor profiles managed internally by snapd.
Feb 24 06:38:24 ubuntu-server kernel: [    0.000000]  gran_size: 2M 	chunk_size: 2M 	num_reg: 10  	lose cover RAM: 22528G
Feb 24 06:38:24 ubuntu-server kernel: [    0.000000]  gran_size: 2M 	chunk_size: 4M 	num_reg: 10  	lose cover RAM: 22528G
Feb 24 06:38:24 ubuntu-server kernel: [    0.000000]  gran_size: 2M 	chunk_size: 8M 	num_reg: 10  	lose cover RAM: 22528G
Feb 24 06:38:24 ubuntu-server kernel: [    0.000000]  gran_size: 2M 	chunk_size: 16M 	num_reg: 10  	lose cover RAM: 22528G
Feb 24 06:38:24 ubuntu-server kernel: [    0.000000]  gran_size: 2M 	chunk_size: 32M 	num_reg: 10  	lose cover RAM: 22528G
Feb 24 06:38:24 ubuntu-server kernel: [    0.000000]  gran_size: 2M 	chunk_size: 64M 	num_reg: 10  	lose cover RAM: 22528G
Feb 24 06:38:24 ubuntu-server kernel: [    0.000000]  gran_size: 2M 	chunk_size: 128M 	num_reg: 10  	lose cover RAM: 22528G
Feb 24 06:38:24 ubuntu-server systemd[1]: Started Create final runtime dir for shutdown pivot root.
Feb 24 06:38:24 ubuntu-server kernel: [    0.000000]  gran_size: 2M 	chunk_size: 256M 	num_reg: 10  	lose cover RAM: 22528G
Feb 24 06:38:24 ubuntu-server systemd[1]: Started Tell Plymouth To Write Out Runtime Data.
Feb 24 06:38:24 ubuntu-server kernel: [    0.000000]  gran_size: 2M 	chunk_size: 512M 	num_reg: 10  	lose cover RAM: 22528G
Feb 24 06:38:24 ubuntu-server kernel: [    0.000000]  gran_size: 2M 	chunk_size: 1G 	num_reg: 10  	lose cover RAM: 22528G
Feb 24 06:38:24 ubuntu-server kernel: [    0.000000]  gran_size: 2M 	chunk_size: 2G 	num_reg: 10  	lose cover RAM: 22528G
Feb 24 06:38:24 ubuntu-server kernel: [    0.000000]  gran_size: 4M 	chunk_size: 4M 	num_reg: 10  	lose cover RAM: 22528G
Feb 24 06:38:24 ubuntu-server systemd[1]: Started Set console font and keymap.
Feb 24 06:38:24 ubuntu-server kernel: [    0.000000]  gran_size: 4M 	chunk_size: 8M 	num_reg: 10  	lose cover RAM: 22528G
Feb 24 06:38:24 ubuntu-server systemd[1]: Started Create Volatile Files and Directories.
Feb 24 06:38:24 ubuntu-server kernel: [    0.000000]  gran_size: 4M 	chunk_size: 16M 	num_reg: 10  	lose cover RAM: 22528G
Feb 24 06:38:24 ubuntu-server kernel: [    0.000000]  gran_size: 4M 	chunk_size: 32M 	num_reg: 10  	lose cover RAM: 22528G
Feb 24 06:38:24 ubuntu-server kernel: [    0.000000]  gran_size: 4M 	chunk_size: 64M 	num_reg: 10  	lose cover RAM: 22528G
Feb 24 06:38:24 ubuntu-server kernel: [    0.000000]  gran_size: 4M 	chunk_size: 128M 	num_reg: 10  	lose cover RAM: 22528G
Feb 24 06:38:24 ubuntu-server systemd[1]: Starting Network Time Synchronization...
Feb 24 06:38:24 ubuntu-server kernel: [    0.000000]  gran_size: 4M 	chunk_size: 256M 	num_reg: 10  	lose cover RAM: 22528G
Feb 24 06:38:24 ubuntu-server kernel: [    0.000000]  gran_size: 4M 	chunk_size: 512M 	num_reg: 10  	lose cover RAM: 22528G
Feb 24 06:38:24 ubuntu-server kernel: [    0.000000]  gran_size: 4M 	chunk_size: 1G 	num_reg: 10  	lose cover RAM: 22528G
Feb 24 06:38:24 ubuntu-server kernel: [    0.000000]  gran_size: 4M 	chunk_size: 2G 	num_reg: 10  	lose cover RAM: 22528G
Feb 24 06:38:24 ubuntu-server kernel: [    0.000000]  gran_size: 8M 	chunk_size: 8M 	num_reg: 10  	lose cover RAM: 22528G
Feb 24 06:38:24 ubuntu-server systemd[1]: Starting Update UTMP about System Boot/Shutdown...
Feb 24 06:38:24 ubuntu-server kernel: [    0.000000]  gran_size: 8M 	chunk_size: 16M 	num_reg: 10  	lose cover RAM: 22528G
Feb 24 06:38:24 ubuntu-server systemd[1]: Started Update UTMP about System Boot/Shutdown.
Feb 24 06:38:24 ubuntu-server systemd[1]: Started ebtables ruleset management.
Feb 24 06:38:24 ubuntu-server systemd[1]: Reached target Network (Pre).
Feb 24 06:38:24 ubuntu-server systemd[1]: Starting Network Service...
Feb 24 06:38:24 ubuntu-server systemd[1]: Started Network Time Synchronization.
Feb 24 06:38:24 ubuntu-server systemd[1]: Reached target System Initialization.
Feb 24 06:38:24 ubuntu-server systemd[1]: Listening on ACPID Listen Socket.
Feb 24 06:38:24 ubuntu-server systemd[1]: Listening on D-Bus System Message Bus Socket.
Feb 24 06:38:24 ubuntu-server systemd[1]: Started Daily Cleanup of Temporary Directories.
Feb 24 06:38:24 ubuntu-server systemd[1]: Starting LXD - unix socket.
Feb 24 06:38:24 ubuntu-server kernel: [    0.000000]  gran_size: 8M 	chunk_size: 32M 	num_reg: 10  	lose cover RAM: 22528G
Feb 24 06:38:24 ubuntu-server kernel: [    0.000000]  gran_size: 8M 	chunk_size: 64M 	num_reg: 10  	lose cover RAM: 22528G
Feb 24 06:38:24 ubuntu-server kernel: [    0.000000]  gran_size: 8M 	chunk_size: 128M 	num_reg: 10  	lose cover RAM: 22528G
Feb 24 06:38:24 ubuntu-server kernel: [    0.000000]  gran_size: 8M 	chunk_size: 256M 	num_reg: 10  	lose cover RAM: 22528G
Feb 24 06:38:24 ubuntu-server kernel: [    0.000000]  gran_size: 8M 	chunk_size: 512M 	num_reg: 10  	lose cover RAM: 22528G
Feb 24 06:38:24 ubuntu-server kernel: [    0.000000]  gran_size: 8M 	chunk_size: 1G 	num_reg: 10  	lose cover RAM: 22528G
Feb 24 06:38:24 ubuntu-server systemd[1]: Listening on UUID daemon activation socket.
Feb 24 06:38:24 ubuntu-server kernel: [    0.000000]  gran_size: 8M 	chunk_size: 2G 	num_reg: 10  	lose cover RAM: 22528G
Feb 24 06:38:24 ubuntu-server kernel: [    0.000000]  gran_size: 16M 	chunk_size: 16M 	num_reg: 10  	lose cover RAM: 22528G
Feb 24 06:38:24 ubuntu-server systemd[1]: Started ACPI Events Check.
Feb 24 06:38:24 ubuntu-server systemd[1]: Reached target Paths.
Feb 24 06:38:24 ubuntu-server kernel: [    0.000000]  gran_size: 16M 	chunk_size: 32M 	num_reg: 10  	lose cover RAM: 22528G
Feb 24 06:38:24 ubuntu-server kernel: [    0.000000]  gran_size: 16M 	chunk_size: 64M 	num_reg: 10  	lose cover RAM: 22528G
Feb 24 06:38:24 ubuntu-server systemd[1]: Listening on Open-iSCSI iscsid Socket.
Feb 24 06:38:24 ubuntu-server systemd[1]: Starting Socket activation for snappy daemon.
Feb 24 06:38:24 ubuntu-server kernel: [    0.000000]  gran_size: 16M 	chunk_size: 128M 	num_reg: 10  	lose cover RAM: 22528G
Feb 24 06:38:24 ubuntu-server systemd[1]: Reached target System Time Synchronized.
Feb 24 06:38:24 ubuntu-server kernel: [    0.000000]  gran_size: 16M 	chunk_size: 256M 	num_reg: 10  	lose cover RAM: 22528G
Feb 24 06:38:24 ubuntu-server systemd[1]: Started Ubuntu Advantage update messaging.
Feb 24 06:38:24 ubuntu-server systemd[1]: Started Daily apt download activities.
Feb 24 06:38:24 ubuntu-server kernel: [    0.000000]  gran_size: 16M 	chunk_size: 512M 	num_reg: 10  	lose cover RAM: 22528G
Feb 24 06:38:24 ubuntu-server kernel: [    0.000000]  gran_size: 16M 	chunk_size: 1G 	num_reg: 10  	lose cover RAM: 22528G
Feb 24 06:38:24 ubuntu-server kernel: [    0.000000]  gran_size: 16M 	chunk_size: 2G 	num_reg: 10  	lose cover RAM: 22528G
Feb 24 06:38:24 ubuntu-server kernel: [    0.000000]  gran_size: 32M 	chunk_size: 32M 	num_reg: 10  	lose cover RAM: 22528G
Feb 24 06:38:24 ubuntu-server kernel: [    0.000000]  gran_size: 32M 	chunk_size: 64M 	num_reg: 10  	lose cover RAM: 22528G
Feb 24 06:38:24 ubuntu-server kernel: [    0.000000]  gran_size: 32M 	chunk_size: 128M 	num_reg: 10  	lose cover RAM: 22528G
Feb 24 06:38:24 ubuntu-server systemd[1]: Started Discard unused blocks once a week.
Feb 24 06:38:24 ubuntu-server systemd[1]: Started Daily apt upgrade and clean activities.
Feb 24 06:38:24 ubuntu-server kernel: [    0.000000]  gran_size: 32M 	chunk_size: 256M 	num_reg: 10  	lose cover RAM: 22528G
Feb 24 06:38:24 ubuntu-server systemd[1]: Started Message of the Day.
Feb 24 06:38:24 ubuntu-server systemd[1]: Reached target Timers.
Feb 24 06:38:24 ubuntu-server kernel: [    0.000000]  gran_size: 32M 	chunk_size: 512M 	num_reg: 10  	lose cover RAM: 22528G
Feb 24 06:38:24 ubuntu-server systemd[1]: Listening on LXD - unix socket.
Feb 24 06:38:24 ubuntu-server kernel: [    0.000000]  gran_size: 32M 	chunk_size: 1G 	num_reg: 10  	lose cover RAM: 22528G
Feb 24 06:38:24 ubuntu-server kernel: [    0.000000]  gran_size: 32M 	chunk_size: 2G 	num_reg: 10  	lose cover RAM: 22528G
Feb 24 06:38:24 ubuntu-server kernel: [    0.000000]  gran_size: 64M 	chunk_size: 64M 	num_reg: 10  	lose cover RAM: 22528G
Feb 24 06:38:24 ubuntu-server kernel: [    0.000000]  gran_size: 64M 	chunk_size: 128M 	num_reg: 10  	lose cover RAM: 22528G
Feb 24 06:38:24 ubuntu-server kernel: [    0.000000]  gran_size: 64M 	chunk_size: 256M 	num_reg: 10  	lose cover RAM: 22528G
Feb 24 06:38:24 ubuntu-server systemd[1]: Listening on Socket activation for snappy daemon.
Feb 24 06:38:24 ubuntu-server systemd[1]: Reached target Sockets.
Feb 24 06:38:24 ubuntu-server systemd[1]: Reached target Basic System.
Feb 24 06:38:24 ubuntu-server systemd[1]: Started irqbalance daemon.
Feb 24 06:38:24 ubuntu-server systemd[1]: Started Deferred execution scheduler.
Feb 24 06:38:24 ubuntu-server systemd[1]: Starting Dispatcher daemon for systemd-networkd...
Feb 24 06:38:24 ubuntu-server systemd[1]: Started D-Bus System Message Bus.
Feb 24 06:38:24 ubuntu-server systemd-networkd[3299]: Enumeration completed
Feb 24 06:38:24 ubuntu-server systemd-networkd[3299]: ens801f3: IPv6 successfully enabled
Feb 24 06:38:24 ubuntu-server systemd-networkd[3299]: ens801f2: Link is not managed by us
Feb 24 06:38:24 ubuntu-server systemd-networkd[3299]: ens801f1: Link is not managed by us
Feb 24 06:38:24 ubuntu-server systemd-networkd[3299]: lo: Link is not managed by us
Feb 24 06:38:24 ubuntu-server systemd-networkd[3299]: ens801f0: Link is not managed by us
Feb 24 06:38:24 ubuntu-server systemd-networkd[3299]: ens801f2: IPv6 successfully enabled
Feb 24 06:38:24 ubuntu-server systemd-networkd[3299]: ens801f1: Link is not managed by us
Feb 24 06:38:24 ubuntu-server systemd-networkd[3299]: lo: Link is not managed by us
Feb 24 06:38:24 ubuntu-server systemd-networkd[3299]: ens801f0: Link is not managed by us
Feb 24 06:38:24 ubuntu-server systemd-networkd[3299]: ens801f1: IPv6 successfully enabled
Feb 24 06:38:24 ubuntu-server systemd-networkd[3299]: lo: Link is not managed by us
Feb 24 06:38:24 ubuntu-server systemd-networkd[3299]: ens801f0: Link is not managed by us
Feb 24 06:38:24 ubuntu-server systemd-networkd[3299]: ens801f0: IPv6 successfully enabled
Feb 24 06:38:24 ubuntu-server kernel: [    0.000000]  gran_size: 64M 	chunk_size: 512M 	num_reg: 10  	lose cover RAM: 22528G
Feb 24 06:38:24 ubuntu-server kernel: [    0.000000]  gran_size: 64M 	chunk_size: 1G 	num_reg: 10  	lose cover RAM: 22528G
Feb 24 06:38:24 ubuntu-server kernel: [    0.000000]  gran_size: 64M 	chunk_size: 2G 	num_reg: 10  	lose cover RAM: 22528G
Feb 24 06:38:24 ubuntu-server kernel: [    0.000000]  gran_size: 128M 	chunk_size: 128M 	num_reg: 10  	lose cover RAM: 22528G
Feb 24 06:38:24 ubuntu-server kernel: [    0.000000]  gran_size: 128M 	chunk_size: 256M 	num_reg: 10  	lose cover RAM: 22528G
Feb 24 06:38:24 ubuntu-server systemd-networkd[3299]: lo: Link is not managed by us
Feb 24 06:38:24 ubuntu-server kernel: [    0.000000]  gran_size: 128M 	chunk_size: 512M 	num_reg: 10  	lose cover RAM: 22528G
Feb 24 06:38:24 ubuntu-server dbus-daemon[3384]: [system] AppArmor D-Bus mediation is enabled
Feb 24 06:38:24 ubuntu-server kernel: [    0.000000]  gran_size: 128M 	chunk_size: 1G 	num_reg: 10  	lose cover RAM: 22528G
Feb 24 06:38:24 ubuntu-server systemd[1]: Started Set the CPU Frequency Scaling governor.
Feb 24 06:38:24 ubuntu-server systemd[1]: Starting Accounts Service...
Feb 24 06:38:24 ubuntu-server systemd[1]: Starting System Logging Service...
Feb 24 06:38:24 ubuntu-server systemd[1]: Started Regular background program processing daemon.
Feb 24 06:38:24 ubuntu-server systemd[1]: Started FUSE filesystem for LXC.
Feb 24 06:38:24 ubuntu-server kernel: [    0.000000]  gran_size: 128M 	chunk_size: 2G 	num_reg: 10  	lose cover RAM: 22528G
Feb 24 06:38:24 ubuntu-server kernel: [    0.000000]  gran_size: 256M 	chunk_size: 256M 	num_reg: 10  	lose cover RAM: 22528G
Feb 24 06:38:24 ubuntu-server kernel: [    0.000000]  gran_size: 256M 	chunk_size: 512M 	num_reg: 10  	lose cover RAM: 22528G
Feb 24 06:38:24 ubuntu-server kernel: [    0.000000]  gran_size: 256M 	chunk_size: 1G 	num_reg: 10  	lose cover RAM: 22528G
Feb 24 06:38:24 ubuntu-server kernel: [    0.000000]  gran_size: 256M 	chunk_size: 2G 	num_reg: 10  	lose cover RAM: 22528G
Feb 24 06:38:24 ubuntu-server kernel: [    0.000000]  gran_size: 512M 	chunk_size: 512M 	num_reg: 10  	lose cover RAM: 22528G
Feb 24 06:38:24 ubuntu-server systemd[1]: Starting Login Service...
Feb 24 06:38:24 ubuntu-server kernel: [    0.000000]  gran_size: 512M 	chunk_size: 1G 	num_reg: 10  	lose cover RAM: 22528G
Feb 24 06:38:24 ubuntu-server systemd[1]: Starting Snap Daemon...
Feb 24 06:38:24 ubuntu-server kernel: [    0.000000]  gran_size: 512M 	chunk_size: 2G 	num_reg: 10  	lose cover RAM: 22528G
Feb 24 06:38:24 ubuntu-server systemd[1]: Starting LXD - container startup/shutdown...
Feb 24 06:38:24 ubuntu-server kernel: [    0.000000]  gran_size: 1G 	chunk_size: 1G 	num_reg: 10  	lose cover RAM: 22528G
Feb 24 06:38:24 ubuntu-server kernel: [    0.000000]  gran_size: 1G 	chunk_size: 2G 	num_reg: 10  	lose cover RAM: 22528G
Feb 24 06:38:24 ubuntu-server kernel: [    0.000000]  gran_size: 2G 	chunk_size: 2G 	num_reg: 10  	lose cover RAM: 22528G
Feb 24 06:38:24 ubuntu-server systemd[1]: Started Network Service.
Feb 24 06:38:24 ubuntu-server kernel: [    0.000000] mtrr_cleanup: can not find optimal value
Feb 24 06:38:24 ubuntu-server kernel: [    0.000000] please specify mtrr_gran_size/mtrr_chunk_size
Feb 24 06:38:24 ubuntu-server systemd[1]: Starting Network Name Resolution...
Feb 24 06:38:24 ubuntu-server systemd[1]: Starting Wait for Network to be Configured...
Feb 24 06:38:24 ubuntu-server kernel: [    0.000000] e820: update [mem 0x80000000-0xffffffff] usable ==> reserved
Feb 24 06:38:24 ubuntu-server kernel: [    0.000000] x2apic: enabled by BIOS, switching to x2apic ops
Feb 24 06:38:24 ubuntu-server kernel: [    0.000000] e820: last_pfn = 0x77800 max_arch_pfn = 0x400000000
Feb 24 06:38:24 ubuntu-server kernel: [    0.000000] Scanning 1 areas for low memory corruption
Feb 24 06:38:24 ubuntu-server systemd[1]: Started Wait for Network to be Configured.
Feb 24 06:38:24 ubuntu-server kernel: [    0.000000] Using GB pages for direct mapping
Feb 24 06:38:24 ubuntu-server cron[3399]: (CRON) INFO (pidfile fd = 3)
Feb 24 06:38:24 ubuntu-server kernel: [    0.000000] RAMDISK: [mem 0x2c84c000-0x30235fff]
Feb 24 06:38:24 ubuntu-server cron[3399]: (CRON) INFO (Running @reboot jobs)
Feb 24 06:38:24 ubuntu-server kernel: [    0.000000] ACPI: Early table checksum verification disabled
Feb 24 06:38:24 ubuntu-server kernel: [    0.000000] ACPI: RSDP 0x0000000060FBF014 000024 (v02 ALASKA)
Feb 24 06:38:24 ubuntu-server kernel: [    0.000000] ACPI: XSDT 0x0000000060FBE728 00013C (v01 ALASKA MITAC    01072009 AMI  20230628)
Feb 24 06:38:24 ubuntu-server kernel: [    0.000000] ACPI: FACP 0x0000000060FB9000 000114 (v06 ALASKA MITAC    01072009 INTL 20230628)
Feb 24 06:38:24 ubuntu-server kernel: [    0.000000] ACPI: DSDT 0x0000000060F0E000 0AAFD4 (v02 ALASKA MITAC    01072009 INTL 20230628)
Feb 24 06:38:24 ubuntu-server kernel: [    0.000000] ACPI: FACS 0x0000000061F00000 000040
Feb 24 06:38:24 ubuntu-server kernel: [    0.000000] ACPI: MCFG 0x0000000060FBD000 00003C (v01 ALASKA A M I    00000001 INTL 20230628)
Feb 24 06:38:24 ubuntu-server systemd[1]: Started Login Service.
Feb 24 06:38:24 ubuntu-server kernel: [    0.000000] ACPI: CEDT 0x0000000060FBC000 000254 (v01 ALASKA A M I    01072009 AMI  20230628)
Feb 24 06:38:24 ubuntu-server kernel: [    0.000000] ACPI: SPMI 0x0000000060FBB000 000041 (v05 ALASKA MITAC    00000000 AMI. 00000000)
Feb 24 06:38:24 ubuntu-server kernel: [    0.000000] ACPI: SSDT 0x0000000060FBA000 000041 (v02 ALASKA A M I    01072009 AMI  20230628)
Feb 24 06:38:24 ubuntu-server kernel: [    0.000000] ACPI: FIDT 0x0000000060F0D000 00009C (v01 ALASKA MITAC    01072009 AMI  00010013)
Feb 24 06:38:24 ubuntu-server kernel: [    0.000000] ACPI: IRDT 0x0000000060F0C000 000843 (v01 ALASKA MITAC    01072009 AMI  20230628)
Feb 24 06:38:24 ubuntu-server kernel: [    0.000000] ACPI: SSDT 0x0000000060F0B000 0002A8 (v02 ALASKA MITAC    00000000 MSFT 20230628)
Feb 24 06:38:24 ubuntu-server kernel: [    0.000000] ACPI: SSDT 0x0000000060F0A000 000156 (v02 ALASKA PRMOPREG 00001000 INTL 20230628)
Feb 24 06:38:24 ubuntu-server kernel: [    0.000000] ACPI: SSDT 0x0000000060F09000 000145 (v02 ALASKA PRMSAMPL 00001000 INTL 20230628)
Feb 24 06:38:24 ubuntu-server kernel: [    0.000000] ACPI: SSDT 0x0000000060F08000 0007EB (v02 INTEL  RAS_ACPI 00000001 INTL 20230628)
Feb 24 06:38:24 ubuntu-server kernel: [    0.000000] ACPI: SSDT 0x0000000060F07000 0008BB (v02 INTEL  ADDRXLAT 00000001 INTL 20230628)
Feb 24 06:38:24 ubuntu-server kernel: [    0.000000] ACPI: SSDT 0x0000000060F06000 00040F (v02 INTEL  SruTable 00001000 INTL 20230628)
Feb 24 06:38:24 ubuntu-server kernel: [    0.000000] ACPI: SSDT 0x0000000060F05000 000397 (v02 INTEL  SstsTbl  00001000 INTL 20230628)
Feb 24 06:38:24 ubuntu-server systemd-networkd[3299]: ens801f3: Link UP
Feb 24 06:38:24 ubuntu-server kernel: [    0.000000] ACPI: ERST 0x0000000060F04000 000230 (v01 ALASKA MITAC    00000001 INTL 00000001)
Feb 24 06:38:24 ubuntu-server dbus-daemon[3384]: [system] Activating via systemd: service name='org.freedesktop.PolicyKit1' unit='polkit.service' requested by ':1.3' (uid=0 pid=3396 comm="/usr/lib/accountsservice/accounts-daemon " label="unconfined")
Feb 24 06:38:24 ubuntu-server kernel: [    0.000000] ACPI: BERT 0x0000000060F03000 000030 (v01 ALASKA MITAC    00000001 INTL 00000001)
Feb 24 06:38:24 ubuntu-server systemd[1]: Starting Authorization Manager...
Feb 24 06:38:24 ubuntu-server kernel: [    0.000000] ACPI: HPET 0x0000000060F02000 000038 (v01 ALASKA MITAC    00000001 INTL 20230628)
Feb 24 06:38:24 ubuntu-server systemd-networkd[3299]: ens801f2: Link UP
Feb 24 06:38:24 ubuntu-server systemd[1]: Started System Logging Service.
Feb 24 06:38:24 ubuntu-server kernel: [    0.000000] ACPI: MSCT 0x0000000060F01000 000248 (v01 ALASKA MITAC    00000001 INTL 20230628)
Feb 24 06:38:24 ubuntu-server rsyslogd: imuxsock: Acquired UNIX socket '/run/systemd/journal/syslog' (fd 3) from systemd.  [v8.32.0]
Feb 24 06:38:24 ubuntu-server kernel: [    0.000000] ACPI: APIC 0x0000000060EFE000 000C5E (v06 ALASKA MITAC    00000000 INTL 20230628)
Feb 24 06:38:24 ubuntu-server kernel: [    0.000000] ACPI: KEYP 0x0000000060EE6000 0000E8 (v01 ALASKA MITAC    01072009 AMI  20230628)
Feb 24 06:38:24 ubuntu-server kernel: [    0.000000] ACPI: PMTT 0x0000000060EE4000 001368 (v02 ALASKA MITAC    00000001 INTL 20230628)
Feb 24 06:38:24 ubuntu-server rsyslogd: rsyslogd's groupid changed to 106
Feb 24 06:38:24 ubuntu-server rsyslogd: rsyslogd's userid changed to 102
Feb 24 06:38:24 ubuntu-server kernel: [    0.000000] ACPI: OEM4 0x0000000060C12000 2D1041 (v02 INTEL  CPU  CST 00003000 INTL 20230628)
Feb 24 06:38:24 ubuntu-server rsyslogd:  [origin software="rsyslogd" swVersion="8.32.0" x-pid="3397" x-info="http://www.rsyslog.com"] start
Feb 24 06:38:24 ubuntu-server kernel: [    0.000000] ACPI: SSDT 0x0000000060A7A000 197850 (v02 INTEL  SSDT  PM 00004000 INTL 20230628)
Feb 24 06:38:24 ubuntu-server kernel: [    0.000000] ACPI: DBG2 0x0000000060A79000 00005C (v00 ALASKA MITAC    01072009 AMI  20230628)
Feb 24 06:38:24 ubuntu-server kernel: [    0.000000] ACPI: HEST 0x0000000060A78000 000174 (v01 ALASKA MITAC    00000001 INTL 00000001)
Feb 24 06:38:24 ubuntu-server kernel: [    0.000000] ACPI: DMAR 0x0000000060A77000 000918 (v01 ALASKA MITAC    00000001 INTL 20230628)
Feb 24 06:38:24 ubuntu-server kernel: [    0.000000] ACPI: FPDT 0x0000000060A76000 000044 (v01 ALASKA A M I    01072009 AMI  20230628)
Feb 24 06:38:24 ubuntu-server kernel: [    0.000000] ACPI: BDAT 0x0000000060A75000 000030 (v01 ALASKA MITAC    00000000 INTL 20230628)
Feb 24 06:38:24 ubuntu-server kernel: [    0.000000] ACPI: PRMT 0x0000000060A74000 00018A (v00 ALASKA MITAC    01072009 AMI  20230628)
Feb 24 06:38:24 ubuntu-server kernel: [    0.000000] ACPI: BGRT 0x0000000060A73000 000038 (v01 ALASKA MITAC    01072009 AMI  00010013)
Feb 24 06:38:24 ubuntu-server kernel: [    0.000000] ACPI: SSDT 0x0000000060EFF000 0003DE (v02 INTEL  XHCI_BHS 00000000 INTL 20230628)
Feb 24 06:38:24 ubuntu-server kernel: [    0.000000] ACPI: WSMT 0x0000000060F00000 000028 (v01 ALASKA MITAC    01072009 AMI  00010013)
Feb 24 06:38:24 ubuntu-server kernel: [    0.000000] ACPI: SRAT 0x0000000060EE9000 014198 (v03 ALASKA MITAC    00000002 AMI  20230628)
Feb 24 06:38:24 ubuntu-server kernel: [    0.000000] ACPI: SLIT 0x0000000060EE8000 00007D (v01 ALASKA MITAC    01072009 AMI  20230628)
Feb 24 06:38:24 ubuntu-server kernel: [    0.000000] ACPI: HMAT 0x0000000060EE7000 0004F0 (v02 ALASKA MITAC    01072009 AMI  20230628)
Feb 24 06:38:24 ubuntu-server kernel: [    0.000000] ACPI: Reserving FACP table memory at [mem 0x60fb9000-0x60fb9113]
Feb 24 06:38:24 ubuntu-server kernel: [    0.000000] ACPI: Reserving DSDT table memory at [mem 0x60f0e000-0x60fb8fd3]
Feb 24 06:38:24 ubuntu-server kernel: [    0.000000] ACPI: Reserving FACS table memory at [mem 0x61f00000-0x61f0003f]
Feb 24 06:38:24 ubuntu-server kernel: [    0.000000] ACPI: Reserving MCFG table memory at [mem 0x60fbd000-0x60fbd03b]
Feb 24 06:38:24 ubuntu-server kernel: [    0.000000] ACPI: Reserving CEDT table memory at [mem 0x60fbc000-0x60fbc253]
Feb 24 06:38:24 ubuntu-server kernel: [    0.000000] ACPI: Reserving SPMI table memory at [mem 0x60fbb000-0x60fbb040]
Feb 24 06:38:24 ubuntu-server kernel: [    0.000000] ACPI: Reserving SSDT table memory at [mem 0x60fba000-0x60fba040]
Feb 24 06:38:24 ubuntu-server kernel: [    0.000000] ACPI: Reserving FIDT table memory at [mem 0x60f0d000-0x60f0d09b]
Feb 24 06:38:24 ubuntu-server kernel: [    0.000000] ACPI: Reserving IRDT table memory at [mem 0x60f0c000-0x60f0c842]
Feb 24 06:38:24 ubuntu-server kernel: [    0.000000] ACPI: Reserving SSDT table memory at [mem 0x60f0b000-0x60f0b2a7]
Feb 24 06:38:24 ubuntu-server kernel: [    0.000000] ACPI: Reserving SSDT table memory at [mem 0x60f0a000-0x60f0a155]
Feb 24 06:38:24 ubuntu-server kernel: [    0.000000] ACPI: Reserving SSDT table memory at [mem 0x60f09000-0x60f09144]
Feb 24 06:38:24 ubuntu-server kernel: [    0.000000] ACPI: Reserving SSDT table memory at [mem 0x60f08000-0x60f087ea]
Feb 24 06:38:24 ubuntu-server kernel: [    0.000000] ACPI: Reserving SSDT table memory at [mem 0x60f07000-0x60f078ba]
Feb 24 06:38:24 ubuntu-server kernel: [    0.000000] ACPI: Reserving SSDT table memory at [mem 0x60f06000-0x60f0640e]
Feb 24 06:38:24 ubuntu-server kernel: [    0.000000] ACPI: Reserving SSDT table memory at [mem 0x60f05000-0x60f05396]
Feb 24 06:38:24 ubuntu-server kernel: [    0.000000] ACPI: Reserving ERST table memory at [mem 0x60f04000-0x60f0422f]
Feb 24 06:38:24 ubuntu-server kernel: [    0.000000] ACPI: Reserving BERT table memory at [mem 0x60f03000-0x60f0302f]
Feb 24 06:38:24 ubuntu-server kernel: [    0.000000] ACPI: Reserving HPET table memory at [mem 0x60f02000-0x60f02037]
Feb 24 06:38:24 ubuntu-server kernel: [    0.000000] ACPI: Reserving MSCT table memory at [mem 0x60f01000-0x60f01247]
Feb 24 06:38:24 ubuntu-server kernel: [    0.000000] ACPI: Reserving APIC table memory at [mem 0x60efe000-0x60efec5d]
Feb 24 06:38:24 ubuntu-server kernel: [    0.000000] ACPI: Reserving KEYP table memory at [mem 0x60ee6000-0x60ee60e7]
Feb 24 06:38:24 ubuntu-server kernel: [    0.000000] ACPI: Reserving PMTT table memory at [mem 0x60ee4000-0x60ee5367]
Feb 24 06:38:24 ubuntu-server kernel: [    0.000000] ACPI: Reserving OEM4 table memory at [mem 0x60c12000-0x60ee3040]
Feb 24 06:38:24 ubuntu-server kernel: [    0.000000] ACPI: Reserving SSDT table memory at [mem 0x60a7a000-0x60c1184f]
Feb 24 06:38:24 ubuntu-server kernel: [    0.000000] ACPI: Reserving DBG2 table memory at [mem 0x60a79000-0x60a7905b]
Feb 24 06:38:24 ubuntu-server kernel: [    0.000000] ACPI: Reserving HEST table memory at [mem 0x60a78000-0x60a78173]
Feb 24 06:38:24 ubuntu-server kernel: [    0.000000] ACPI: Reserving DMAR table memory at [mem 0x60a77000-0x60a77917]
Feb 24 06:38:24 ubuntu-server kernel: [    0.000000] ACPI: Reserving FPDT table memory at [mem 0x60a76000-0x60a76043]
Feb 24 06:38:24 ubuntu-server kernel: [    0.000000] ACPI: Reserving BDAT table memory at [mem 0x60a75000-0x60a7502f]
Feb 24 06:38:24 ubuntu-server kernel: [    0.000000] ACPI: Reserving PRMT table memory at [mem 0x60a74000-0x60a74189]
Feb 24 06:38:24 ubuntu-server kernel: [    0.000000] ACPI: Reserving BGRT table memory at [mem 0x60a73000-0x60a73037]
Feb 24 06:38:24 ubuntu-server kernel: [    0.000000] ACPI: Reserving SSDT table memory at [mem 0x60eff000-0x60eff3dd]
Feb 24 06:38:24 ubuntu-server kernel: [    0.000000] ACPI: Reserving WSMT table memory at [mem 0x60f00000-0x60f00027]
Feb 24 06:38:24 ubuntu-server kernel: [    0.000000] ACPI: Reserving SRAT table memory at [mem 0x60ee9000-0x60efd197]
Feb 24 06:38:24 ubuntu-server kernel: [    0.000000] ACPI: Reserving SLIT table memory at [mem 0x60ee8000-0x60ee807c]
Feb 24 06:38:24 ubuntu-server kernel: [    0.000000] ACPI: Reserving HMAT table memory at [mem 0x60ee7000-0x60ee74ef]
Feb 24 06:38:24 ubuntu-server kernel: [    0.000000] ACPI: Local APIC address 0xfee00000
Feb 24 06:38:24 ubuntu-server kernel: [    0.000000] Setting APIC routing to cluster x2apic.
Feb 24 06:38:24 ubuntu-server kernel: [    0.000000] SRAT: PXM 0 -> APIC 0x0000 -> Node 0
Feb 24 06:38:24 ubuntu-server kernel: [    0.000000] SRAT: PXM 0 -> APIC 0x0001 -> Node 0
Feb 24 06:38:24 ubuntu-server kernel: [    0.000000] SRAT: PXM 0 -> APIC 0x0002 -> Node 0
Feb 24 06:38:24 ubuntu-server kernel: [    0.000000] SRAT: PXM 0 -> APIC 0x0003 -> Node 0
Feb 24 06:38:24 ubuntu-server kernel: [    0.000000] SRAT: PXM 0 -> APIC 0x0004 -> Node 0
Feb 24 06:38:24 ubuntu-server kernel: [    0.000000] SRAT: PXM 0 -> APIC 0x0005 -> Node 0
Feb 24 06:38:24 ubuntu-server kernel: [    0.000000] SRAT: PXM 0 -> APIC 0x0006 -> Node 0
Feb 24 06:38:24 ubuntu-server kernel: [    0.000000] SRAT: PXM 0 -> APIC 0x0007 -> Node 0
Feb 24 06:38:24 ubuntu-server kernel: [    0.000000] SRAT: PXM 0 -> APIC 0x0008 -> Node 0
Feb 24 06:38:24 ubuntu-server kernel: [    0.000000] SRAT: PXM 0 -> APIC 0x0009 -> Node 0
Feb 24 06:38:24 ubuntu-server kernel: [    0.000000] SRAT: PXM 0 -> APIC 0x000a -> Node 0
Feb 24 06:38:24 ubuntu-server kernel: [    0.000000] SRAT: PXM 0 -> APIC 0x000b -> Node 0
Feb 24 06:38:24 ubuntu-server kernel: [    0.000000] SRAT: PXM 0 -> APIC 0x000c -> Node 0
Feb 24 06:38:24 ubuntu-server kernel: [    0.000000] SRAT: PXM 0 -> APIC 0x000d -> Node 0
Feb 24 06:38:24 ubuntu-server kernel: [    0.000000] SRAT: PXM 0 -> APIC 0x000e -> Node 0
Feb 24 06:38:24 ubuntu-server kernel: [    0.000000] SRAT: PXM 0 -> APIC 0x000f -> Node 0
Feb 24 06:38:24 ubuntu-server kernel: [    0.000000] SRAT: PXM 0 -> APIC 0x0010 -> Node 0
Feb 24 06:38:24 ubuntu-server kernel: [    0.000000] SRAT: PXM 0 -> APIC 0x0011 -> Node 0
Feb 24 06:38:24 ubuntu-server kernel: [    0.000000] SRAT: PXM 0 -> APIC 0x0012 -> Node 0
Feb 24 06:38:24 ubuntu-server kernel: [    0.000000] SRAT: PXM 0 -> APIC 0x0013 -> Node 0
Feb 24 06:38:24 ubuntu-server kernel: [    0.000000] SRAT: PXM 0 -> APIC 0x0014 -> Node 0
Feb 24 06:38:24 ubuntu-server kernel: [    0.000000] SRAT: PXM 0 -> APIC 0x0015 -> Node 0
Feb 24 06:38:24 ubuntu-server kernel: [    0.000000] SRAT: PXM 0 -> APIC 0x0016 -> Node 0
Feb 24 06:38:24 ubuntu-server kernel: [    0.000000] SRAT: PXM 0 -> APIC 0x0017 -> Node 0
Feb 24 06:38:24 ubuntu-server kernel: [    0.000000] SRAT: PXM 0 -> APIC 0x0018 -> Node 0
Feb 24 06:38:24 ubuntu-server kernel: [    0.000000] SRAT: PXM 0 -> APIC 0x0019 -> Node 0
Feb 24 06:38:24 ubuntu-server kernel: [    0.000000] SRAT: PXM 0 -> APIC 0x001a -> Node 0
Feb 24 06:38:24 ubuntu-server kernel: [    0.000000] SRAT: PXM 0 -> APIC 0x001b -> Node 0
Feb 24 06:38:24 ubuntu-server kernel: [    0.000000] SRAT: PXM 0 -> APIC 0x001c -> Node 0
Feb 24 06:38:24 ubuntu-server kernel: [    0.000000] SRAT: PXM 0 -> APIC 0x001d -> Node 0
Feb 24 06:38:24 ubuntu-server kernel: [    0.000000] SRAT: PXM 0 -> APIC 0x001e -> Node 0
Feb 24 06:38:24 ubuntu-server kernel: [    0.000000] SRAT: PXM 0 -> APIC 0x001f -> Node 0
Feb 24 06:38:24 ubuntu-server kernel: [    0.000000] SRAT: PXM 0 -> APIC 0x0020 -> Node 0
Feb 24 06:38:24 ubuntu-server kernel: [    0.000000] SRAT: PXM 0 -> APIC 0x0021 -> Node 0
Feb 24 06:38:24 ubuntu-server kernel: [    0.000000] SRAT: PXM 0 -> APIC 0x0022 -> Node 0
Feb 24 06:38:24 ubuntu-server kernel: [    0.000000] SRAT: PXM 0 -> APIC 0x0023 -> Node 0
Feb 24 06:38:24 ubuntu-server kernel: [    0.000000] SRAT: PXM 0 -> APIC 0x0024 -> Node 0
Feb 24 06:38:24 ubuntu-server kernel: [    0.000000] SRAT: PXM 0 -> APIC 0x0025 -> Node 0
Feb 24 06:38:24 ubuntu-server kernel: [    0.000000] SRAT: PXM 0 -> APIC 0x0026 -> Node 0
Feb 24 06:38:24 ubuntu-server kernel: [    0.000000] SRAT: PXM 0 -> APIC 0x0027 -> Node 0
Feb 24 06:38:24 ubuntu-server kernel: [    0.000000] SRAT: PXM 0 -> APIC 0x0028 -> Node 0
Feb 24 06:38:24 ubuntu-server kernel: [    0.000000] SRAT: PXM 0 -> APIC 0x0029 -> Node 0
Feb 24 06:38:24 ubuntu-server kernel: [    0.000000] SRAT: PXM 0 -> APIC 0x002a -> Node 0
Feb 24 06:38:24 ubuntu-server kernel: [    0.000000] SRAT: PXM 0 -> APIC 0x002b -> Node 0
Feb 24 06:38:24 ubuntu-server kernel: [    0.000000] SRAT: PXM 0 -> APIC 0x002c -> Node 0
Feb 24 06:38:24 ubuntu-server kernel: [    0.000000] SRAT: PXM 0 -> APIC 0x002d -> Node 0
Feb 24 06:38:24 ubuntu-server kernel: [    0.000000] SRAT: PXM 0 -> APIC 0x002e -> Node 0
Feb 24 06:38:24 ubuntu-server kernel: [    0.000000] SRAT: PXM 0 -> APIC 0x002f -> Node 0
Feb 24 06:38:24 ubuntu-server kernel: [    0.000000] SRAT: PXM 1 -> APIC 0x0080 -> Node 1
Feb 24 06:38:24 ubuntu-server kernel: [    0.000000] SRAT: PXM 1 -> APIC 0x0081 -> Node 1
Feb 24 06:38:24 ubuntu-server kernel: [    0.000000] SRAT: PXM 1 -> APIC 0x0082 -> Node 1
Feb 24 06:38:24 ubuntu-server kernel: [    0.000000] SRAT: PXM 1 -> APIC 0x0083 -> Node 1
Feb 24 06:38:24 ubuntu-server kernel: [    0.000000] SRAT: PXM 1 -> APIC 0x0084 -> Node 1
Feb 24 06:38:24 ubuntu-server kernel: [    0.000000] SRAT: PXM 1 -> APIC 0x0085 -> Node 1
Feb 24 06:38:24 ubuntu-server kernel: [    0.000000] SRAT: PXM 1 -> APIC 0x0086 -> Node 1
Feb 24 06:38:24 ubuntu-server kernel: [    0.000000] SRAT: PXM 1 -> APIC 0x0087 -> Node 1
Feb 24 06:38:24 ubuntu-server kernel: [    0.000000] SRAT: PXM 1 -> APIC 0x0088 -> Node 1
Feb 24 06:38:24 ubuntu-server kernel: [    0.000000] SRAT: PXM 1 -> APIC 0x0089 -> Node 1
Feb 24 06:38:24 ubuntu-server kernel: [    0.000000] SRAT: PXM 1 -> APIC 0x008a -> Node 1
Feb 24 06:38:24 ubuntu-server kernel: [    0.000000] SRAT: PXM 1 -> APIC 0x008b -> Node 1
Feb 24 06:38:24 ubuntu-server kernel: [    0.000000] SRAT: PXM 1 -> APIC 0x008c -> Node 1
Feb 24 06:38:24 ubuntu-server kernel: [    0.000000] SRAT: PXM 1 -> APIC 0x008d -> Node 1
Feb 24 06:38:24 ubuntu-server kernel: [    0.000000] SRAT: PXM 1 -> APIC 0x008e -> Node 1
Feb 24 06:38:24 ubuntu-server kernel: [    0.000000] SRAT: PXM 1 -> APIC 0x008f -> Node 1
Feb 24 06:38:24 ubuntu-server kernel: [    0.000000] SRAT: PXM 1 -> APIC 0x0090 -> Node 1
Feb 24 06:38:24 ubuntu-server kernel: [    0.000000] SRAT: PXM 1 -> APIC 0x0091 -> Node 1
Feb 24 06:38:24 ubuntu-server kernel: [    0.000000] SRAT: PXM 1 -> APIC 0x0092 -> Node 1
Feb 24 06:38:24 ubuntu-server kernel: [    0.000000] SRAT: PXM 1 -> APIC 0x0093 -> Node 1
Feb 24 06:38:24 ubuntu-server kernel: [    0.000000] SRAT: PXM 1 -> APIC 0x0094 -> Node 1
Feb 24 06:38:24 ubuntu-server kernel: [    0.000000] SRAT: PXM 1 -> APIC 0x0095 -> Node 1
Feb 24 06:38:24 ubuntu-server kernel: [    0.000000] SRAT: PXM 1 -> APIC 0x0096 -> Node 1
Feb 24 06:38:24 ubuntu-server kernel: [    0.000000] SRAT: PXM 1 -> APIC 0x0097 -> Node 1
Feb 24 06:38:24 ubuntu-server kernel: [    0.000000] SRAT: PXM 1 -> APIC 0x0098 -> Node 1
Feb 24 06:38:24 ubuntu-server kernel: [    0.000000] SRAT: PXM 1 -> APIC 0x0099 -> Node 1
Feb 24 06:38:24 ubuntu-server kernel: [    0.000000] SRAT: PXM 1 -> APIC 0x009a -> Node 1
Feb 24 06:38:24 ubuntu-server kernel: [    0.000000] SRAT: PXM 1 -> APIC 0x009b -> Node 1
Feb 24 06:38:24 ubuntu-server kernel: [    0.000000] SRAT: PXM 1 -> APIC 0x009c -> Node 1
Feb 24 06:38:24 ubuntu-server kernel: [    0.000000] SRAT: PXM 1 -> APIC 0x009d -> Node 1
Feb 24 06:38:24 ubuntu-server kernel: [    0.000000] SRAT: PXM 1 -> APIC 0x009e -> Node 1
Feb 24 06:38:24 ubuntu-server kernel: [    0.000000] SRAT: PXM 1 -> APIC 0x009f -> Node 1
Feb 24 06:38:24 ubuntu-server kernel: [    0.000000] SRAT: PXM 1 -> APIC 0x00a0 -> Node 1
Feb 24 06:38:24 ubuntu-server kernel: [    0.000000] SRAT: PXM 1 -> APIC 0x00a1 -> Node 1
Feb 24 06:38:24 ubuntu-server kernel: [    0.000000] SRAT: PXM 1 -> APIC 0x00a2 -> Node 1
Feb 24 06:38:24 ubuntu-server kernel: [    0.000000] SRAT: PXM 1 -> APIC 0x00a3 -> Node 1
Feb 24 06:38:24 ubuntu-server kernel: [    0.000000] SRAT: PXM 1 -> APIC 0x00a4 -> Node 1
Feb 24 06:38:24 ubuntu-server kernel: [    0.000000] SRAT: PXM 1 -> APIC 0x00a5 -> Node 1
Feb 24 06:38:24 ubuntu-server kernel: [    0.000000] SRAT: PXM 1 -> APIC 0x00a6 -> Node 1
Feb 24 06:38:24 ubuntu-server kernel: [    0.000000] SRAT: PXM 1 -> APIC 0x00a7 -> Node 1
Feb 24 06:38:24 ubuntu-server kernel: [    0.000000] SRAT: PXM 1 -> APIC 0x00a8 -> Node 1
Feb 24 06:38:24 ubuntu-server kernel: [    0.000000] SRAT: PXM 1 -> APIC 0x00a9 -> Node 1
Feb 24 06:38:24 ubuntu-server kernel: [    0.000000] SRAT: PXM 1 -> APIC 0x00aa -> Node 1
Feb 24 06:38:24 ubuntu-server kernel: [    0.000000] SRAT: PXM 1 -> APIC 0x00ab -> Node 1
Feb 24 06:38:24 ubuntu-server kernel: [    0.000000] SRAT: PXM 1 -> APIC 0x00ac -> Node 1
Feb 24 06:38:24 ubuntu-server kernel: [    0.000000] SRAT: PXM 1 -> APIC 0x00ad -> Node 1
Feb 24 06:38:24 ubuntu-server kernel: [    0.000000] SRAT: PXM 1 -> APIC 0x00ae -> Node 1
Feb 24 06:38:24 ubuntu-server kernel: [    0.000000] SRAT: PXM 1 -> APIC 0x00af -> Node 1
Feb 24 06:38:24 ubuntu-server kernel: [    0.000000] SRAT: PXM 2 -> APIC 0x0100 -> Node 2
Feb 24 06:38:24 ubuntu-server kernel: [    0.000000] SRAT: PXM 2 -> APIC 0x0101 -> Node 2
Feb 24 06:38:24 ubuntu-server kernel: [    0.000000] SRAT: PXM 2 -> APIC 0x0102 -> Node 2
Feb 24 06:38:24 ubuntu-server kernel: [    0.000000] SRAT: PXM 2 -> APIC 0x0103 -> Node 2
Feb 24 06:38:24 ubuntu-server kernel: [    0.000000] SRAT: PXM 2 -> APIC 0x0104 -> Node 2
Feb 24 06:38:24 ubuntu-server kernel: [    0.000000] SRAT: PXM 2 -> APIC 0x0105 -> Node 2
Feb 24 06:38:24 ubuntu-server kernel: [    0.000000] SRAT: PXM 2 -> APIC 0x0106 -> Node 2
Feb 24 06:38:24 ubuntu-server kernel: [    0.000000] SRAT: PXM 2 -> APIC 0x0107 -> Node 2
Feb 24 06:38:24 ubuntu-server kernel: [    0.000000] SRAT: PXM 2 -> APIC 0x0108 -> Node 2
Feb 24 06:38:24 ubuntu-server kernel: [    0.000000] SRAT: PXM 2 -> APIC 0x0109 -> Node 2
Feb 24 06:38:24 ubuntu-server kernel: [    0.000000] SRAT: PXM 2 -> APIC 0x010a -> Node 2
Feb 24 06:38:24 ubuntu-server kernel: [    0.000000] SRAT: PXM 2 -> APIC 0x010b -> Node 2
Feb 24 06:38:24 ubuntu-server kernel: [    0.000000] SRAT: PXM 2 -> APIC 0x010c -> Node 2
Feb 24 06:38:24 ubuntu-server kernel: [    0.000000] SRAT: PXM 2 -> APIC 0x010d -> Node 2
Feb 24 06:38:24 ubuntu-server kernel: [    0.000000] SRAT: PXM 2 -> APIC 0x010e -> Node 2
Feb 24 06:38:24 ubuntu-server kernel: [    0.000000] SRAT: PXM 2 -> APIC 0x010f -> Node 2
Feb 24 06:38:24 ubuntu-server kernel: [    0.000000] SRAT: PXM 2 -> APIC 0x0110 -> Node 2
Feb 24 06:38:24 ubuntu-server kernel: [    0.000000] SRAT: PXM 2 -> APIC 0x0111 -> Node 2
Feb 24 06:38:24 ubuntu-server kernel: [    0.000000] SRAT: PXM 2 -> APIC 0x0112 -> Node 2
Feb 24 06:38:24 ubuntu-server kernel: [    0.000000] SRAT: PXM 2 -> APIC 0x0113 -> Node 2
Feb 24 06:38:24 ubuntu-server kernel: [    0.000000] SRAT: PXM 2 -> APIC 0x0114 -> Node 2
Feb 24 06:38:24 ubuntu-server kernel: [    0.000000] SRAT: PXM 2 -> APIC 0x0115 -> Node 2
Feb 24 06:38:24 ubuntu-server kernel: [    0.000000] SRAT: PXM 2 -> APIC 0x0116 -> Node 2
Feb 24 06:38:24 ubuntu-server kernel: [    0.000000] SRAT: PXM 2 -> APIC 0x0117 -> Node 2
Feb 24 06:38:24 ubuntu-server kernel: [    0.000000] SRAT: PXM 2 -> APIC 0x0118 -> Node 2
Feb 24 06:38:24 ubuntu-server kernel: [    0.000000] SRAT: PXM 2 -> APIC 0x0119 -> Node 2
Feb 24 06:38:24 ubuntu-server kernel: [    0.000000] SRAT: PXM 2 -> APIC 0x011a -> Node 2
Feb 24 06:38:24 ubuntu-server kernel: [    0.000000] SRAT: PXM 2 -> APIC 0x011b -> Node 2
Feb 24 06:38:24 ubuntu-server kernel: [    0.000000] SRAT: PXM 2 -> APIC 0x011c -> Node 2
Feb 24 06:38:24 ubuntu-server kernel: [    0.000000] SRAT: PXM 2 -> APIC 0x011d -> Node 2
Feb 24 06:38:24 ubuntu-server kernel: [    0.000000] SRAT: PXM 2 -> APIC 0x011e -> Node 2
Feb 24 06:38:24 ubuntu-server kernel: [    0.000000] SRAT: PXM 2 -> APIC 0x011f -> Node 2
Feb 24 06:38:24 ubuntu-server kernel: [    0.000000] SRAT: PXM 2 -> APIC 0x0120 -> Node 2
Feb 24 06:38:24 ubuntu-server kernel: [    0.000000] SRAT: PXM 2 -> APIC 0x0121 -> Node 2
Feb 24 06:38:24 ubuntu-server kernel: [    0.000000] SRAT: PXM 2 -> APIC 0x0122 -> Node 2
Feb 24 06:38:24 ubuntu-server kernel: [    0.000000] SRAT: PXM 2 -> APIC 0x0123 -> Node 2
Feb 24 06:38:24 ubuntu-server kernel: [    0.000000] SRAT: PXM 2 -> APIC 0x0124 -> Node 2
Feb 24 06:38:24 ubuntu-server kernel: [    0.000000] SRAT: PXM 2 -> APIC 0x0125 -> Node 2
Feb 24 06:38:24 ubuntu-server kernel: [    0.000000] SRAT: PXM 2 -> APIC 0x0126 -> Node 2
Feb 24 06:38:24 ubuntu-server kernel: [    0.000000] SRAT: PXM 2 -> APIC 0x0127 -> Node 2
Feb 24 06:38:24 ubuntu-server kernel: [    0.000000] SRAT: PXM 2 -> APIC 0x0128 -> Node 2
Feb 24 06:38:24 ubuntu-server kernel: [    0.000000] SRAT: PXM 2 -> APIC 0x0129 -> Node 2
Feb 24 06:38:24 ubuntu-server kernel: [    0.000000] SRAT: PXM 2 -> APIC 0x012a -> Node 2
Feb 24 06:38:24 ubuntu-server kernel: [    0.000000] SRAT: PXM 2 -> APIC 0x012b -> Node 2
Feb 24 06:38:24 ubuntu-server kernel: [    0.000000] SRAT: PXM 2 -> APIC 0x012c -> Node 2
Feb 24 06:38:24 ubuntu-server kernel: [    0.000000] SRAT: PXM 2 -> APIC 0x012d -> Node 2
Feb 24 06:38:24 ubuntu-server kernel: [    0.000000] SRAT: PXM 2 -> APIC 0x012e -> Node 2
Feb 24 06:38:24 ubuntu-server kernel: [    0.000000] SRAT: PXM 2 -> APIC 0x012f -> Node 2
Feb 24 06:38:24 ubuntu-server kernel: [    0.000000] SRAT: PXM 3 -> APIC 0x0180 -> Node 3
Feb 24 06:38:24 ubuntu-server kernel: [    0.000000] SRAT: PXM 3 -> APIC 0x0181 -> Node 3
Feb 24 06:38:24 ubuntu-server kernel: [    0.000000] SRAT: PXM 3 -> APIC 0x0182 -> Node 3
Feb 24 06:38:24 ubuntu-server kernel: [    0.000000] SRAT: PXM 3 -> APIC 0x0183 -> Node 3
Feb 24 06:38:24 ubuntu-server kernel: [    0.000000] SRAT: PXM 3 -> APIC 0x0184 -> Node 3
Feb 24 06:38:24 ubuntu-server kernel: [    0.000000] SRAT: PXM 3 -> APIC 0x0185 -> Node 3
Feb 24 06:38:24 ubuntu-server kernel: [    0.000000] SRAT: PXM 3 -> APIC 0x0186 -> Node 3
Feb 24 06:38:24 ubuntu-server kernel: [    0.000000] SRAT: PXM 3 -> APIC 0x0187 -> Node 3
Feb 24 06:38:24 ubuntu-server kernel: [    0.000000] SRAT: PXM 3 -> APIC 0x0188 -> Node 3
Feb 24 06:38:24 ubuntu-server kernel: [    0.000000] SRAT: PXM 3 -> APIC 0x0189 -> Node 3
Feb 24 06:38:24 ubuntu-server kernel: [    0.000000] SRAT: PXM 3 -> APIC 0x018a -> Node 3
Feb 24 06:38:24 ubuntu-server kernel: [    0.000000] SRAT: PXM 3 -> APIC 0x018b -> Node 3
Feb 24 06:38:24 ubuntu-server kernel: [    0.000000] SRAT: PXM 3 -> APIC 0x018c -> Node 3
Feb 24 06:38:24 ubuntu-server kernel: [    0.000000] SRAT: PXM 3 -> APIC 0x018d -> Node 3
Feb 24 06:38:24 ubuntu-server kernel: [    0.000000] SRAT: PXM 3 -> APIC 0x018e -> Node 3
Feb 24 06:38:24 ubuntu-server kernel: [    0.000000] SRAT: PXM 3 -> APIC 0x018f -> Node 3
Feb 24 06:38:24 ubuntu-server kernel: [    0.000000] SRAT: PXM 3 -> APIC 0x0190 -> Node 3
Feb 24 06:38:24 ubuntu-server kernel: [    0.000000] SRAT: PXM 3 -> APIC 0x0191 -> Node 3
Feb 24 06:38:24 ubuntu-server kernel: [    0.000000] SRAT: PXM 3 -> APIC 0x0192 -> Node 3
Feb 24 06:38:24 ubuntu-server kernel: [    0.000000] SRAT: PXM 3 -> APIC 0x0193 -> Node 3
Feb 24 06:38:24 ubuntu-server kernel: [    0.000000] SRAT: PXM 3 -> APIC 0x0194 -> Node 3
Feb 24 06:38:24 ubuntu-server kernel: [    0.000000] SRAT: PXM 3 -> APIC 0x0195 -> Node 3
Feb 24 06:38:24 ubuntu-server kernel: [    0.000000] SRAT: PXM 3 -> APIC 0x0196 -> Node 3
Feb 24 06:38:24 ubuntu-server kernel: [    0.000000] SRAT: PXM 3 -> APIC 0x0197 -> Node 3
Feb 24 06:38:24 ubuntu-server kernel: [    0.000000] SRAT: PXM 3 -> APIC 0x0198 -> Node 3
Feb 24 06:38:24 ubuntu-server kernel: [    0.000000] SRAT: PXM 3 -> APIC 0x0199 -> Node 3
Feb 24 06:38:24 ubuntu-server kernel: [    0.000000] SRAT: PXM 3 -> APIC 0x019a -> Node 3
Feb 24 06:38:24 ubuntu-server kernel: [    0.000000] SRAT: PXM 3 -> APIC 0x019b -> Node 3
Feb 24 06:38:24 ubuntu-server kernel: [    0.000000] SRAT: PXM 3 -> APIC 0x019c -> Node 3
Feb 24 06:38:24 ubuntu-server kernel: [    0.000000] SRAT: PXM 3 -> APIC 0x019d -> Node 3
Feb 24 06:38:24 ubuntu-server kernel: [    0.000000] SRAT: PXM 3 -> APIC 0x019e -> Node 3
Feb 24 06:38:24 ubuntu-server kernel: [    0.000000] SRAT: PXM 3 -> APIC 0x019f -> Node 3
Feb 24 06:38:24 ubuntu-server kernel: [    0.000000] SRAT: PXM 3 -> APIC 0x01a0 -> Node 3
Feb 24 06:38:24 ubuntu-server kernel: [    0.000000] SRAT: PXM 3 -> APIC 0x01a1 -> Node 3
Feb 24 06:38:24 ubuntu-server kernel: [    0.000000] SRAT: PXM 3 -> APIC 0x01a2 -> Node 3
Feb 24 06:38:24 ubuntu-server kernel: [    0.000000] SRAT: PXM 3 -> APIC 0x01a3 -> Node 3
Feb 24 06:38:24 ubuntu-server kernel: [    0.000000] SRAT: PXM 3 -> APIC 0x01a4 -> Node 3
Feb 24 06:38:24 ubuntu-server kernel: [    0.000000] SRAT: PXM 3 -> APIC 0x01a5 -> Node 3
Feb 24 06:38:24 ubuntu-server kernel: [    0.000000] SRAT: PXM 3 -> APIC 0x01a6 -> Node 3
Feb 24 06:38:24 ubuntu-server kernel: [    0.000000] SRAT: PXM 3 -> APIC 0x01a7 -> Node 3
Feb 24 06:38:24 ubuntu-server kernel: [    0.000000] SRAT: PXM 3 -> APIC 0x01a8 -> Node 3
Feb 24 06:38:24 ubuntu-server kernel: [    0.000000] SRAT: PXM 3 -> APIC 0x01a9 -> Node 3
Feb 24 06:38:24 ubuntu-server kernel: [    0.000000] SRAT: PXM 3 -> APIC 0x01aa -> Node 3
Feb 24 06:38:24 ubuntu-server kernel: [    0.000000] SRAT: PXM 3 -> APIC 0x01ab -> Node 3
Feb 24 06:38:24 ubuntu-server kernel: [    0.000000] SRAT: PXM 3 -> APIC 0x01ac -> Node 3
Feb 24 06:38:24 ubuntu-server kernel: [    0.000000] SRAT: PXM 3 -> APIC 0x01ad -> Node 3
Feb 24 06:38:24 ubuntu-server kernel: [    0.000000] SRAT: PXM 3 -> APIC 0x01ae -> Node 3
Feb 24 06:38:24 ubuntu-server kernel: [    0.000000] SRAT: PXM 3 -> APIC 0x01af -> Node 3
Feb 24 06:38:24 ubuntu-server kernel: [    0.000000] ACPI: SRAT: Node 0 PXM 0 [mem 0x00000000-0x7fffffff]
Feb 24 06:38:24 ubuntu-server kernel: [    0.000000] ACPI: SRAT: Node 0 PXM 0 [mem 0x100000000-0x407fffffff]
Feb 24 06:38:24 ubuntu-server kernel: [    0.000000] ACPI: SRAT: Node 1 PXM 1 [mem 0x8080000000-0xc07fffffff]
Feb 24 06:38:24 ubuntu-server kernel: [    0.000000] ACPI: SRAT: Node 2 PXM 2 [mem 0x4080000000-0x807fffffff]
Feb 24 06:38:24 ubuntu-server kernel: [    0.000000] ACPI: SRAT: Node 3 PXM 3 [mem 0xc080000000-0x1007fffffff]
Feb 24 06:38:24 ubuntu-server kernel: [    0.000000] NUMA: Initialized distance table, cnt=4
Feb 24 06:38:24 ubuntu-server kernel: [    0.000000] NUMA: Node 0 [mem 0x00000000-0x7fffffff] + [mem 0x100000000-0x407fffffff] -> [mem 0x00000000-0x407fffffff]
Feb 24 06:38:24 ubuntu-server kernel: [    0.000000] NODE_DATA(0) allocated [mem 0x407efd5000-0x407effffff]
Feb 24 06:38:24 ubuntu-server kernel: [    0.000000] NODE_DATA(1) allocated [mem 0xc07ffd5000-0xc07fffffff]
Feb 24 06:38:24 ubuntu-server kernel: [    0.000000] NODE_DATA(2) allocated [mem 0x807ffd5000-0x807fffffff]
Feb 24 06:38:24 ubuntu-server kernel: [    0.000000] NODE_DATA(3) allocated [mem 0x1007ffd4000-0x1007fffefff]
Feb 24 06:38:24 ubuntu-server kernel: [    0.000000] Zone ranges:
Feb 24 06:38:24 ubuntu-server kernel: [    0.000000]   DMA      [mem 0x0000000000001000-0x0000000000ffffff]
Feb 24 06:38:24 ubuntu-server kernel: [    0.000000]   DMA32    [mem 0x0000000001000000-0x00000000ffffffff]
Feb 24 06:38:24 ubuntu-server kernel: [    0.000000]   Normal   [mem 0x0000000100000000-0x000001007fffffff]
Feb 24 06:38:24 ubuntu-server kernel: [    0.000000]   Device   empty
Feb 24 06:38:24 ubuntu-server kernel: [    0.000000] Movable zone start for each node
Feb 24 06:38:24 ubuntu-server kernel: [    0.000000] Early memory node ranges
Feb 24 06:38:24 ubuntu-server kernel: [    0.000000]   node   0: [mem 0x0000000000001000-0x000000000009ffff]
Feb 24 06:38:24 ubuntu-server kernel: [    0.000000]   node   0: [mem 0x0000000000100000-0x000000005bff5fff]
Feb 24 06:38:24 ubuntu-server kernel: [    0.000000]   node   0: [mem 0x000000006d9fe000-0x000000006d9fefff]
Feb 24 06:38:24 ubuntu-server kernel: [    0.000000]   node   0: [mem 0x000000006da00000-0x00000000777fffff]
Feb 24 06:38:24 ubuntu-server kernel: [    0.000000]   node   0: [mem 0x0000000100000000-0x000000407effffff]
Feb 24 06:38:24 ubuntu-server kernel: [    0.000000]   node   2: [mem 0x0000004080000000-0x000000807fffffff]
Feb 24 06:38:24 ubuntu-server kernel: [    0.000000]   node   1: [mem 0x0000008080000000-0x000000c07fffffff]
Feb 24 06:38:24 ubuntu-server kernel: [    0.000000]   node   3: [mem 0x000000c080000000-0x000001007fffffff]
Feb 24 06:38:24 ubuntu-server kernel: [    0.000000] Reserved but unavailable: 97 pages
Feb 24 06:38:24 ubuntu-server kernel: [    0.000000] Initmem setup node 0 [mem 0x0000000000001000-0x000000407effffff]
Feb 24 06:38:24 ubuntu-server kernel: [    0.000000] On node 0 totalpages: 66997654
Feb 24 06:38:24 ubuntu-server kernel: [    0.000000]   DMA zone: 64 pages used for memmap
Feb 24 06:38:24 ubuntu-server kernel: [    0.000000]   DMA zone: 22 pages reserved
Feb 24 06:38:24 ubuntu-server kernel: [    0.000000]   DMA zone: 3999 pages, LIFO batch:0
Feb 24 06:38:24 ubuntu-server kernel: [    0.000000]   DMA32 zone: 6456 pages used for memmap
Feb 24 06:38:24 ubuntu-server kernel: [    0.000000]   DMA32 zone: 413175 pages, LIFO batch:31
Feb 24 06:38:24 ubuntu-server kernel: [    0.000000]   Normal zone: 1040320 pages used for memmap
Feb 24 06:38:24 ubuntu-server kernel: [    0.000000]   Normal zone: 66580480 pages, LIFO batch:31
Feb 24 06:38:24 ubuntu-server kernel: [    0.000000] Initmem setup node 1 [mem 0x0000008080000000-0x000000c07fffffff]
Feb 24 06:38:24 ubuntu-server kernel: [    0.000000] On node 1 totalpages: 67108864
Feb 24 06:38:24 ubuntu-server kernel: [    0.000000]   Normal zone: 1048576 pages used for memmap
Feb 24 06:38:24 ubuntu-server kernel: [    0.000000]   Normal zone: 67108864 pages, LIFO batch:31
Feb 24 06:38:24 ubuntu-server kernel: [    0.000000] Initmem setup node 2 [mem 0x0000004080000000-0x000000807fffffff]
Feb 24 06:38:24 ubuntu-server kernel: [    0.000000] On node 2 totalpages: 67108864
Feb 24 06:38:24 ubuntu-server kernel: [    0.000000]   Normal zone: 1048576 pages used for memmap
Feb 24 06:38:24 ubuntu-server kernel: [    0.000000]   Normal zone: 67108864 pages, LIFO batch:31
Feb 24 06:38:24 ubuntu-server kernel: [    0.000000] Initmem setup node 3 [mem 0x000000c080000000-0x000001007fffffff]
Feb 24 06:38:24 ubuntu-server kernel: [    0.000000] On node 3 totalpages: 67108864
Feb 24 06:38:24 ubuntu-server kernel: [    0.000000]   Normal zone: 1048576 pages used for memmap
Feb 24 06:38:24 ubuntu-server kernel: [    0.000000]   Normal zone: 67108864 pages, LIFO batch:31
Feb 24 06:38:24 ubuntu-server kernel: [    0.000000] ACPI: PM-Timer IO Port: 0x508
Feb 24 06:38:24 ubuntu-server kernel: [    0.000000] ACPI: Local APIC address 0xfee00000
Feb 24 06:38:24 ubuntu-server kernel: [    0.000000] ACPI: X2APIC_NMI (uid[0xffffffff] high edge lint[0x1])
Feb 24 06:38:24 ubuntu-server kernel: [    0.000000] ACPI: LAPIC_NMI (acpi_id[0xff] high edge lint[0x1])
Feb 24 06:38:24 ubuntu-server kernel: [    0.000000] IOAPIC[0]: apic_id 8, version 32, address 0xfec00000, GSI 0-23
Feb 24 06:38:24 ubuntu-server kernel: [    0.000000] ACPI: INT_SRC_OVR (bus 0 bus_irq 0 global_irq 2 dfl dfl)
Feb 24 06:38:24 ubuntu-server kernel: [    0.000000] ACPI: INT_SRC_OVR (bus 0 bus_irq 9 global_irq 9 high level)
Feb 24 06:38:24 ubuntu-server kernel: [    0.000000] ACPI: IRQ0 used by override.
Feb 24 06:38:24 ubuntu-server kernel: [    0.000000] ACPI: IRQ9 used by override.
Feb 24 06:38:24 ubuntu-server kernel: [    0.000000] Using ACPI (MADT) for SMP configuration information
Feb 24 06:38:24 ubuntu-server kernel: [    0.000000] ACPI: HPET id: 0x8086a701 base: 0xfed00000
Feb 24 06:38:24 ubuntu-server kernel: [    0.000000] e820: update [mem 0x5452e000-0x5476efff] usable ==> reserved
Feb 24 06:38:24 ubuntu-server kernel: [    0.000000] TSC deadline timer available
Feb 24 06:38:24 ubuntu-server kernel: [    0.000000] smpboot: Allowing 192 CPUs, 0 hotplug CPUs
Feb 24 06:38:24 ubuntu-server kernel: [    0.000000] PM: Registered nosave memory: [mem 0x00000000-0x00000fff]
Feb 24 06:38:24 ubuntu-server kernel: [    0.000000] PM: Registered nosave memory: [mem 0x000a0000-0x000fffff]
Feb 24 06:38:24 ubuntu-server kernel: [    0.000000] PM: Registered nosave memory: [mem 0x53217000-0x53217fff]
Feb 24 06:38:24 ubuntu-server kernel: [    0.000000] PM: Registered nosave memory: [mem 0x5321d000-0x5321dfff]
Feb 24 06:38:24 ubuntu-server kernel: [    0.000000] PM: Registered nosave memory: [mem 0x5452e000-0x5476efff]
Feb 24 06:38:24 ubuntu-server kernel: [    0.000000] PM: Registered nosave memory: [mem 0x5bff6000-0x606bffff]
Feb 24 06:38:24 ubuntu-server kernel: [    0.000000] PM: Registered nosave memory: [mem 0x606c0000-0x60fbffff]
Feb 24 06:38:24 ubuntu-server kernel: [    0.000000] PM: Registered nosave memory: [mem 0x60fc0000-0x61f00fff]
Feb 24 06:38:24 ubuntu-server kernel: [    0.000000] PM: Registered nosave memory: [mem 0x61f01000-0x6d9fdfff]
Feb 24 06:38:24 ubuntu-server kernel: [    0.000000] PM: Registered nosave memory: [mem 0x6d9ff000-0x6d9fffff]
Feb 24 06:38:24 ubuntu-server kernel: [    0.000000] PM: Registered nosave memory: [mem 0x77800000-0x8fffffff]
Feb 24 06:38:24 ubuntu-server kernel: [    0.000000] PM: Registered nosave memory: [mem 0x90000000-0x9a3effff]
Feb 24 06:38:24 ubuntu-server kernel: [    0.000000] PM: Registered nosave memory: [mem 0x9a3f0000-0x9a3fffff]
Feb 24 06:38:24 ubuntu-server kernel: [    0.000000] PM: Registered nosave memory: [mem 0x9a400000-0xaabeffff]
Feb 24 06:38:24 ubuntu-server kernel: [    0.000000] PM: Registered nosave memory: [mem 0xaabf0000-0xaabfffff]
Feb 24 06:38:24 ubuntu-server kernel: [    0.000000] PM: Registered nosave memory: [mem 0xaac00000-0xcdbeffff]
Feb 24 06:38:24 ubuntu-server kernel: [    0.000000] PM: Registered nosave memory: [mem 0xcdbf0000-0xcdbfffff]
Feb 24 06:38:24 ubuntu-server kernel: [    0.000000] PM: Registered nosave memory: [mem 0xcdc00000-0xd5feffff]
Feb 24 06:38:24 ubuntu-server kernel: [    0.000000] PM: Registered nosave memory: [mem 0xd5ff0000-0xd5ffffff]
Feb 24 06:38:24 ubuntu-server kernel: [    0.000000] PM: Registered nosave memory: [mem 0xd6000000-0xdd9fffff]
Feb 24 06:38:24 ubuntu-server kernel: [    0.000000] PM: Registered nosave memory: [mem 0xdda00000-0xddefffff]
Feb 24 06:38:24 ubuntu-server kernel: [    0.000000] PM: Registered nosave memory: [mem 0xddf00000-0xddfeffff]
Feb 24 06:38:24 ubuntu-server kernel: [    0.000000] PM: Registered nosave memory: [mem 0xddff0000-0xddffffff]
Feb 24 06:38:24 ubuntu-server kernel: [    0.000000] PM: Registered nosave memory: [mem 0xde000000-0xf682ffff]
Feb 24 06:38:24 ubuntu-server kernel: [    0.000000] PM: Registered nosave memory: [mem 0xf6830000-0xf6830fff]
Feb 24 06:38:24 ubuntu-server kernel: [    0.000000] PM: Registered nosave memory: [mem 0xf6831000-0xfd9fffff]
Feb 24 06:38:24 ubuntu-server kernel: [    0.000000] PM: Registered nosave memory: [mem 0xfda00000-0xfeafffff]
Feb 24 06:38:24 ubuntu-server kernel: [    0.000000] PM: Registered nosave memory: [mem 0xfeb00000-0xfeffffff]
Feb 24 06:38:24 ubuntu-server kernel: [    0.000000] PM: Registered nosave memory: [mem 0xff000000-0xffffffff]
Feb 24 06:38:24 ubuntu-server kernel: [    0.000000] PM: Registered nosave memory: [mem 0x407f000000-0x407fffffff]
Feb 24 06:38:24 ubuntu-server kernel: [    0.000000] e820: [mem 0xaac00000-0xcdbeffff] available for PCI devices
Feb 24 06:38:24 ubuntu-server kernel: [    0.000000] Booting paravirtualized kernel on bare hardware
Feb 24 06:38:24 ubuntu-server kernel: [    0.000000] clocksource: refined-jiffies: mask: 0xffffffff max_cycles: 0xffffffff, max_idle_ns: 7645519600211568 ns
Feb 24 06:38:24 ubuntu-server kernel: [    0.000000] random: get_random_bytes called from start_kernel+0x99/0x500 with crng_init=0
Feb 24 06:38:24 ubuntu-server kernel: [    0.000000] setup_percpu: NR_CPUS:8192 nr_cpumask_bits:192 nr_cpu_ids:192 nr_node_ids:4
Feb 24 06:38:24 ubuntu-server kernel: [    0.000000] percpu: Embedded 45 pages/cpu s147456 r8192 d28672 u262144
Feb 24 06:38:24 ubuntu-server kernel: [    0.000000] pcpu-alloc: s147456 r8192 d28672 u262144 alloc=1*2097152
Feb 24 06:38:24 ubuntu-server kernel: [    0.000000] pcpu-alloc: [0] 000 001 002 003 004 005 006 007 
Feb 24 06:38:24 ubuntu-server kernel: [    0.000000] pcpu-alloc: [0] 008 009 010 011 012 013 014 015 
Feb 24 06:38:24 ubuntu-server kernel: [    0.000000] pcpu-alloc: [0] 016 017 018 019 020 021 022 023 
Feb 24 06:38:24 ubuntu-server kernel: [    0.000000] pcpu-alloc: [0] 096 097 098 099 100 101 102 103 
Feb 24 06:38:24 ubuntu-server kernel: [    0.000000] pcpu-alloc: [0] 104 105 106 107 108 109 110 111 
Feb 24 06:38:24 ubuntu-server kernel: [    0.000000] pcpu-alloc: [0] 112 113 114 115 116 117 118 119 
Feb 24 06:38:24 ubuntu-server kernel: [    0.000000] pcpu-alloc: [1] 024 025 026 027 028 029 030 031 
Feb 24 06:38:24 ubuntu-server kernel: [    0.000000] pcpu-alloc: [1] 032 033 034 035 036 037 038 039 
Feb 24 06:38:24 ubuntu-server kernel: [    0.000000] pcpu-alloc: [1] 040 041 042 043 044 045 046 047 
Feb 24 06:38:24 ubuntu-server kernel: [    0.000000] pcpu-alloc: [1] 120 121 122 123 124 125 126 127 
Feb 24 06:38:24 ubuntu-server kernel: [    0.000000] pcpu-alloc: [1] 128 129 130 131 132 133 134 135 
Feb 24 06:38:24 ubuntu-server kernel: [    0.000000] pcpu-alloc: [1] 136 137 138 139 140 141 142 143 
Feb 24 06:38:24 ubuntu-server kernel: [    0.000000] pcpu-alloc: [2] 048 049 050 051 052 053 054 055 
Feb 24 06:38:24 ubuntu-server kernel: [    0.000000] pcpu-alloc: [2] 056 057 058 059 060 061 062 063 
Feb 24 06:38:24 ubuntu-server kernel: [    0.000000] pcpu-alloc: [2] 064 065 066 067 068 069 070 071 
Feb 24 06:38:24 ubuntu-server kernel: [    0.000000] pcpu-alloc: [2] 144 145 146 147 148 149 150 151 
Feb 24 06:38:24 ubuntu-server kernel: [    0.000000] pcpu-alloc: [2] 152 153 154 155 156 157 158 159 
Feb 24 06:38:24 ubuntu-server kernel: [    0.000000] pcpu-alloc: [2] 160 161 162 163 164 165 166 167 
Feb 24 06:38:24 ubuntu-server kernel: [    0.000000] pcpu-alloc: [3] 072 073 074 075 076 077 078 079 
Feb 24 06:38:24 ubuntu-server kernel: [    0.000000] pcpu-alloc: [3] 080 081 082 083 084 085 086 087 
Feb 24 06:38:24 ubuntu-server kernel: [    0.000000] pcpu-alloc: [3] 088 089 090 091 092 093 094 095 
Feb 24 06:38:24 ubuntu-server kernel: [    0.000000] pcpu-alloc: [3] 168 169 170 171 172 173 174 175 
Feb 24 06:38:24 ubuntu-server kernel: [    0.000000] pcpu-alloc: [3] 176 177 178 179 180 181 182 183 
Feb 24 06:38:24 ubuntu-server kernel: [    0.000000] pcpu-alloc: [3] 184 185 186 187 188 189 190 191 
Feb 24 06:38:24 ubuntu-server kernel: [    0.000000] Built 4 zonelists, mobility grouping on.  Total pages: 264131656
Feb 24 06:38:24 ubuntu-server kernel: [    0.000000] Policy zone: Normal
Feb 24 06:38:24 ubuntu-server kernel: [    0.000000] Kernel command line: BOOT_IMAGE=/casper/vmlinuz boot=casper autoinstall ds=nocloud;s=/cdrom/autoinstall/ preseed/file=/cdrom/preseed.cfg --- quiet
Feb 24 06:38:24 ubuntu-server kernel: [    0.000000] log_buf_len individual max cpu contribution: 4096 bytes
Feb 24 06:38:24 ubuntu-server kernel: [    0.000000] log_buf_len total cpu_extra contributions: 782336 bytes
Feb 24 06:38:24 ubuntu-server kernel: [    0.000000] log_buf_len min size: 262144 bytes
Feb 24 06:38:24 ubuntu-server kernel: [    0.000000] log_buf_len: 1048576 bytes
Feb 24 06:38:24 ubuntu-server kernel: [    0.000000] early log buf free: 216352(82%)
Feb 24 06:38:24 ubuntu-server kernel: [    0.000000] Calgary: detecting Calgary via BIOS EBDA area
Feb 24 06:38:24 ubuntu-server kernel: [    0.000000] Calgary: Unable to locate Rio Grande table in EBDA - bailing!
Feb 24 06:38:24 ubuntu-server kernel: [    0.000000] Memory: 1056110996K/1073296984K available (12300K kernel code, 2483K rwdata, 4320K rodata, 2448K init, 2724K bss, 17185988K reserved, 0K cma-reserved)
Feb 24 06:38:24 ubuntu-server kernel: [    0.000000] SLUB: HWalign=64, Order=0-3, MinObjects=0, CPUs=192, Nodes=4
Feb 24 06:38:24 ubuntu-server kernel: [    0.000000] ftrace: allocating 39466 entries in 155 pages
Feb 24 06:38:24 ubuntu-server kernel: [    0.000000] Hierarchical RCU implementation.
Feb 24 06:38:24 ubuntu-server kernel: [    0.000000] 	RCU restricting CPUs from NR_CPUS=8192 to nr_cpu_ids=192.
Feb 24 06:38:24 ubuntu-server kernel: [    0.000000] 	Tasks RCU enabled.
Feb 24 06:38:24 ubuntu-server kernel: [    0.000000] RCU: Adjusting geometry for rcu_fanout_leaf=16, nr_cpu_ids=192
Feb 24 06:38:24 ubuntu-server kernel: [    0.000000] NR_IRQS: 524544, nr_irqs: 1960, preallocated irqs: 16
Feb 24 06:38:24 ubuntu-server kernel: [    0.000000] Console: colour dummy device 80x25
Feb 24 06:38:24 ubuntu-server kernel: [    0.000000] console [tty0] enabled
Feb 24 06:38:24 ubuntu-server kernel: [    0.000000] mempolicy: Enabling automatic NUMA balancing. Configure with numa_balancing= or the kernel.numa_balancing sysctl
Feb 24 06:38:24 ubuntu-server kernel: [    0.000000] ACPI: Core revision 20170831
Feb 24 06:38:24 ubuntu-server kernel: [    0.000000] ACPI Error: Invalid/unknown Address Space ID: 0x0B (20170831/excreate-283)
Feb 24 06:38:24 ubuntu-server kernel: [    0.000000] ACPI: 11 ACPI AML tables successfully acquired and loaded
Feb 24 06:38:24 ubuntu-server kernel: [    0.000000] clocksource: hpet: mask: 0xffffffff max_cycles: 0xffffffff, max_idle_ns: 76450417870 ns
Feb 24 06:38:24 ubuntu-server kernel: [    0.000000] hpet clockevent registered
Feb 24 06:38:24 ubuntu-server kernel: [    0.004000] APIC: Switch to symmetric I/O mode setup
Feb 24 06:38:24 ubuntu-server kernel: [    0.004000] DMAR: Host address width 52
Feb 24 06:38:24 ubuntu-server kernel: [    0.004000] DMAR: DRHD base: 0x000000c3fe0000 flags: 0x0
Feb 24 06:38:24 ubuntu-server kernel: [    0.004000] DMAR: dmar0: reg_base_addr c3fe0000 ver 7:0 cap f9ed008cee780c66 ecap 3fef9ea6f0efdf
Feb 24 06:38:24 ubuntu-server kernel: [    0.004000] DMAR: DRHD base: 0x000000c47e0000 flags: 0x0
Feb 24 06:38:24 ubuntu-server kernel: [    0.004000] DMAR: dmar1: reg_base_addr c47e0000 ver 7:0 cap f9ed008cee780c66 ecap 3fef9ea6f0efdf
Feb 24 06:38:24 ubuntu-server kernel: [    0.004000] DMAR: DRHD base: 0x000000c4fe0000 flags: 0x0
Feb 24 06:38:24 ubuntu-server kernel: [    0.004000] DMAR: dmar2: reg_base_addr c4fe0000 ver 7:0 cap f9ed008cee780c66 ecap 3fef9ea6f0efdf
Feb 24 06:38:24 ubuntu-server kernel: [    0.004000] DMAR: DRHD base: 0x000000c57e0000 flags: 0x0
Feb 24 06:38:24 ubuntu-server kernel: [    0.004000] DMAR: dmar3: reg_base_addr c57e0000 ver 7:0 cap f9ed008cee780c66 ecap 3fef9ea6f0efdf
Feb 24 06:38:24 ubuntu-server kernel: [    0.004000] DMAR: DRHD base: 0x000000cdbc0000 flags: 0x0
Feb 24 06:38:24 ubuntu-server kernel: [    0.004000] DMAR: dmar4: reg_base_addr cdbc0000 ver 7:0 cap f9ed008cee780c66 ecap 3fef9ea6f0efdf
Feb 24 06:38:24 ubuntu-server kernel: [    0.004000] DMAR: DRHD base: 0x000000d5fc0000 flags: 0x0
Feb 24 06:38:24 ubuntu-server kernel: [    0.004000] DMAR: dmar5: reg_base_addr d5fc0000 ver 7:0 cap f9ed008cee780c66 ecap 3fef9ea6f0efdf
Feb 24 06:38:24 ubuntu-server kernel: [    0.004000] DMAR: DRHD base: 0x000000ddfc0000 flags: 0x0
Feb 24 06:38:24 ubuntu-server kernel: [    0.004000] DMAR: dmar6: reg_base_addr ddfc0000 ver 7:0 cap f9ed008cee780c66 ecap 3fef9ea6f0efdf
Feb 24 06:38:24 ubuntu-server kernel: [    0.004000] DMAR: DRHD base: 0x000000e5fc0000 flags: 0x0
Feb 24 06:38:24 ubuntu-server kernel: [    0.004000] DMAR: dmar7: reg_base_addr e5fc0000 ver 7:0 cap f9ed008cee780c66 ecap 3fef9ea6f0efdf
Feb 24 06:38:24 ubuntu-server kernel: [    0.004000] DMAR: DRHD base: 0x000000edfc0000 flags: 0x0
Feb 24 06:38:24 ubuntu-server kernel: [    0.004000] DMAR: dmar8: reg_base_addr edfc0000 ver 7:0 cap f9ed008cee780c66 ecap 3fef9ea6f0efdf
Feb 24 06:38:24 ubuntu-server kernel: [    0.004000] DMAR: DRHD base: 0x000000f5fc0000 flags: 0x0
Feb 24 06:38:24 ubuntu-server kernel: [    0.004000] DMAR: dmar9: reg_base_addr f5fc0000 ver 7:0 cap f9ed008cee780c66 ecap 3fef9ea6f0efdf
Feb 24 06:38:24 ubuntu-server kernel: [    0.004000] DMAR: DRHD base: 0x00000090fe0000 flags: 0x0
Feb 24 06:38:24 ubuntu-server kernel: [    0.004000] DMAR: dmar10: reg_base_addr 90fe0000 ver 7:0 cap f9ed008cee780c66 ecap 3fef9ea6f0efdf
Feb 24 06:38:24 ubuntu-server kernel: [    0.004000] DMAR: DRHD base: 0x000000917e0000 flags: 0x0
Feb 24 06:38:24 ubuntu-server kernel: [    0.004000] DMAR: dmar11: reg_base_addr 917e0000 ver 7:0 cap f9ed008cee780c66 ecap 3fef9ea6f0efdf
Feb 24 06:38:24 ubuntu-server kernel: [    0.004000] DMAR: DRHD base: 0x00000091fe0000 flags: 0x0
Feb 24 06:38:24 ubuntu-server kernel: [    0.004000] DMAR: dmar12: reg_base_addr 91fe0000 ver 7:0 cap f9ed008cee780c66 ecap 3fef9ea6f0efdf
Feb 24 06:38:24 ubuntu-server kernel: [    0.004000] DMAR: DRHD base: 0x0000009a3c0000 flags: 0x0
Feb 24 06:38:24 ubuntu-server kernel: [    0.004000] DMAR: dmar13: reg_base_addr 9a3c0000 ver 7:0 cap f9ed008cee780c66 ecap 3fef9ea6f0efdf
Feb 24 06:38:24 ubuntu-server kernel: [    0.004000] DMAR: DRHD base: 0x000000a27c0000 flags: 0x0
Feb 24 06:38:24 ubuntu-server kernel: [    0.004000] DMAR: dmar14: reg_base_addr a27c0000 ver 7:0 cap f9ed008cee780c66 ecap 3fef9ea6f0efdf
Feb 24 06:38:24 ubuntu-server kernel: [    0.004000] DMAR: DRHD base: 0x000000aabc0000 flags: 0x0
Feb 24 06:38:24 ubuntu-server kernel: [    0.004000] DMAR: dmar15: reg_base_addr aabc0000 ver 7:0 cap f9ed008cee780c66 ecap 3fef9ea6f0efdf
Feb 24 06:38:24 ubuntu-server kernel: [    0.004000] DMAR: DRHD base: 0x000000b2fc0000 flags: 0x0
Feb 24 06:38:24 ubuntu-server kernel: [    0.004000] DMAR: dmar16: reg_base_addr b2fc0000 ver 7:0 cap f9ed008cee780c66 ecap 3fef9ea6f0efdf
Feb 24 06:38:24 ubuntu-server kernel: [    0.004000] DMAR: DRHD base: 0x000000bafc0000 flags: 0x0
Feb 24 06:38:24 ubuntu-server kernel: [    0.004000] DMAR: dmar17: reg_base_addr bafc0000 ver 7:0 cap f9ed008cee780c66 ecap 3fef9ea6f0efdf
Feb 24 06:38:24 ubuntu-server kernel: [    0.004000] DMAR: DRHD base: 0x000000c2fc0000 flags: 0x0
Feb 24 06:38:24 ubuntu-server kernel: [    0.004000] DMAR: dmar18: reg_base_addr c2fc0000 ver 7:0 cap f9ed008cee780c66 ecap 3fef9ea6f0efdf
Feb 24 06:38:24 ubuntu-server kernel: [    0.004000] DMAR: DRHD base: 0x000000907e0000 flags: 0x0
Feb 24 06:38:24 ubuntu-server kernel: [    0.004000] DMAR: dmar19: reg_base_addr 907e0000 ver 7:0 cap f9ed008cee780c66 ecap 3fef9ea6f0efdf
Feb 24 06:38:24 ubuntu-server kernel: [    0.004000] DMAR: ATSR flags: 0x1
Feb 24 06:38:24 ubuntu-server kernel: [    0.004000] DMAR: RHSA base: 0x000000907e0000 proximity domain: 0x0
Feb 24 06:38:24 ubuntu-server kernel: [    0.004000] DMAR: RHSA base: 0x00000090fe0000 proximity domain: 0x0
Feb 24 06:38:24 ubuntu-server kernel: [    0.004000] DMAR: RHSA base: 0x000000917e0000 proximity domain: 0x1
Feb 24 06:38:24 ubuntu-server kernel: [    0.004000] DMAR: RHSA base: 0x00000091fe0000 proximity domain: 0x1
Feb 24 06:38:24 ubuntu-server kernel: [    0.004000] DMAR: RHSA base: 0x0000009a3c0000 proximity domain: 0x0
Feb 24 06:38:24 ubuntu-server kernel: [    0.004000] DMAR: RHSA base: 0x000000a27c0000 proximity domain: 0x0
Feb 24 06:38:24 ubuntu-server kernel: [    0.004000] DMAR: RHSA base: 0x000000aabc0000 proximity domain: 0x0
Feb 24 06:38:24 ubuntu-server kernel: [    0.004000] DMAR: RHSA base: 0x000000b2fc0000 proximity domain: 0x0
Feb 24 06:38:24 ubuntu-server kernel: [    0.004000] DMAR: RHSA base: 0x000000bafc0000 proximity domain: 0x1
Feb 24 06:38:24 ubuntu-server kernel: [    0.004000] DMAR: RHSA base: 0x000000c2fc0000 proximity domain: 0x1
Feb 24 06:38:24 ubuntu-server kernel: [    0.004000] DMAR: RHSA base: 0x000000c3fe0000 proximity domain: 0x2
Feb 24 06:38:24 ubuntu-server kernel: [    0.004000] DMAR: RHSA base: 0x000000c47e0000 proximity domain: 0x2
Feb 24 06:38:24 ubuntu-server kernel: [    0.004000] DMAR: RHSA base: 0x000000c4fe0000 proximity domain: 0x3
Feb 24 06:38:24 ubuntu-server kernel: [    0.004000] DMAR: RHSA base: 0x000000c57e0000 proximity domain: 0x3
Feb 24 06:38:24 ubuntu-server kernel: [    0.004000] DMAR: RHSA base: 0x000000cdbc0000 proximity domain: 0x2
Feb 24 06:38:24 ubuntu-server kernel: [    0.004000] DMAR: RHSA base: 0x000000d5fc0000 proximity domain: 0x2
Feb 24 06:38:24 ubuntu-server kernel: [    0.004000] DMAR: RHSA base: 0x000000ddfc0000 proximity domain: 0x2
Feb 24 06:38:24 ubuntu-server kernel: [    0.004000] DMAR: RHSA base: 0x000000e5fc0000 proximity domain: 0x2
Feb 24 06:38:24 ubuntu-server kernel: [    0.004000] DMAR: RHSA base: 0x000000edfc0000 proximity domain: 0x3
Feb 24 06:38:24 ubuntu-server kernel: [    0.004000] DMAR: RHSA base: 0x000000f5fc0000 proximity domain: 0x3
Feb 24 06:38:24 ubuntu-server kernel: [    0.004000] DMAR-IR: IOAPIC id 8 under DRHD base  0x907e0000 IOMMU 19
Feb 24 06:38:24 ubuntu-server kernel: [    0.004000] DMAR-IR: HPET id 0 under DRHD base 0x907e0000
Feb 24 06:38:24 ubuntu-server kernel: [    0.004000] DMAR-IR: Queued invalidation will be enabled to support x2apic and Intr-remapping.
Feb 24 06:38:24 ubuntu-server kernel: [    0.012000] DMAR-IR: Enabled IRQ remapping in x2apic mode
Feb 24 06:38:24 ubuntu-server kernel: [    0.012000] ..TIMER: vector=0x30 apic1=0 pin1=2 apic2=-1 pin2=-1
Feb 24 06:38:24 ubuntu-server kernel: [    0.032000] tsc: Detected 2700.000 MHz processor
Feb 24 06:38:24 ubuntu-server kernel: [    0.032000] Calibrating delay loop (skipped), value calculated using timer frequency.. 5400.00 BogoMIPS (lpj=10800000)
Feb 24 06:38:24 ubuntu-server kernel: [    0.032000] pid_max: default: 196608 minimum: 1536
Feb 24 06:38:24 ubuntu-server kernel: [    0.036416] Security Framework initialized
Feb 24 06:38:24 ubuntu-server kernel: [    0.036419] Yama: becoming mindful.
Feb 24 06:38:24 ubuntu-server kernel: [    0.036896] AppArmor: AppArmor initialized
Feb 24 06:38:24 ubuntu-server kernel: [    0.105973] Dentry cache hash table entries: 33554432 (order: 16, 268435456 bytes)
Feb 24 06:38:24 ubuntu-server kernel: [    0.140779] Inode-cache hash table entries: 16777216 (order: 15, 134217728 bytes)
Feb 24 06:38:24 ubuntu-server kernel: [    0.142765] Mount-cache hash table entries: 524288 (order: 10, 4194304 bytes)
Feb 24 06:38:24 ubuntu-server kernel: [    0.143827] Mountpoint-cache hash table entries: 524288 (order: 10, 4194304 bytes)
Feb 24 06:38:24 ubuntu-server kernel: [    0.147031] ENERGY_PERF_BIAS: Set to 'normal', was 'performance'
Feb 24 06:38:24 ubuntu-server kernel: [    0.147031] ENERGY_PERF_BIAS: View and update with x86_energy_perf_policy(8)
Feb 24 06:38:24 ubuntu-server kernel: [    0.147041] x86/cpu: Activated the Intel User Mode Instruction Prevention (UMIP) CPU feature
Feb 24 06:38:24 ubuntu-server kernel: [    0.147093] CPU0: Thermal monitoring enabled (TM1)
Feb 24 06:38:24 ubuntu-server kernel: [    0.147873] process: using mwait in idle threads
Feb 24 06:38:24 ubuntu-server kernel: [    0.147878] Last level iTLB entries: 4KB 0, 2MB 0, 4MB 0
Feb 24 06:38:24 ubuntu-server kernel: [    0.147878] Last level dTLB entries: 4KB 0, 2MB 0, 4MB 0, 1GB 0
Feb 24 06:38:24 ubuntu-server kernel: [    0.147883] Spectre V1 : Mitigation: usercopy/swapgs barriers and __user pointer sanitization
Feb 24 06:38:24 ubuntu-server kernel: [    0.147886] Spectre V2 : Mitigation: Enhanced IBRS
Feb 24 06:38:24 ubuntu-server kernel: [    0.147887] Spectre V2 : Spectre v2 / SpectreRSB mitigation: Filling RSB on context switch
Feb 24 06:38:24 ubuntu-server kernel: [    0.147896] Spectre V2 : mitigation: Enabling conditional Indirect Branch Prediction Barrier
Feb 24 06:38:24 ubuntu-server kernel: [    0.147897] Speculative Store Bypass: Mitigation: Speculative Store Bypass disabled via prctl and seccomp
Feb 24 06:38:24 ubuntu-server kernel: [    0.150860] Freeing SMP alternatives memory: 36K
Feb 24 06:38:24 ubuntu-server kernel: [    0.159583] smpboot: CPU0: Intel(R) Xeon(R) 6747P (family: 0x6, model: 0xad, stepping: 0x1)
Feb 24 06:38:24 ubuntu-server kernel: [    0.160000] Performance Events: no PEBS fmt5+, generic architected perfmon, 
Feb 24 06:38:24 ubuntu-server kernel: [    0.160000] ------------[ cut here ]------------
Feb 24 06:38:24 ubuntu-server kernel: [    0.160000] hw perf events fixed 4 > max(3), clipping!
Feb 24 06:38:24 ubuntu-server kernel: [    0.160000] WARNING: CPU: 0 PID: 1 at /build/linux-WRF4xN/linux-4.15.0/arch/x86/events/intel/core.c:4495 intel_pmu_init+0x1141/0x134b
Feb 24 06:38:24 ubuntu-server kernel: [    0.160000] Modules linked in:
Feb 24 06:38:24 ubuntu-server kernel: [    0.160000] CPU: 0 PID: 1 Comm: swapper/0 Not tainted 4.15.0-156-generic #163-Ubuntu
Feb 24 06:38:24 ubuntu-server kernel: [    0.160000] Hardware name: To be filled by O.E.M. To be filled by O.E.M./To be filled by O.E.M., BIOS V1.09 10/16/2025
Feb 24 06:38:24 ubuntu-server kernel: [    0.160000] RIP: 0010:intel_pmu_init+0x1141/0x134b
Feb 24 06:38:24 ubuntu-server kernel: [    0.160000] RSP: 0000:ffffa193000d3d30 EFLAGS: 00010282
Feb 24 06:38:24 ubuntu-server kernel: [    0.160000] RAX: 0000000000000000 RBX: 0000000000000000 RCX: 0000000000000000
Feb 24 06:38:24 ubuntu-server kernel: [    0.160000] RDX: 000000000000002a RSI: ffffffffaf363c4c RDI: 0000000000000246
Feb 24 06:38:24 ubuntu-server kernel: [    0.160000] RBP: ffffa193000d3d90 R08: 0000000000000002 R09: ffffffffaf363c22
Feb 24 06:38:24 ubuntu-server kernel: [    0.160000] R10: ffffffffada0d520 R11: 000000679f6b22cf R12: 0000000000000004
Feb 24 06:38:24 ubuntu-server kernel: [    0.160000] R13: 0000000000000000 R14: ffffffffada0ad30 R15: ffffffffada06a00
Feb 24 06:38:24 ubuntu-server kernel: [    0.160000] FS:  0000000000000000(0000) GS:ffff94da7e600000(0000) knlGS:0000000000000000
Feb 24 06:38:24 ubuntu-server kernel: [    0.160000] CS:  0010 DS: 0000 ES: 0000 CR0: 0000000080050033
Feb 24 06:38:24 ubuntu-server kernel: [    0.160000] CR2: ffff951988b99000 CR3: 0000007e8840a001 CR4: 0000000000760ef0
Feb 24 06:38:24 ubuntu-server kernel: [    0.160000] DR0: 0000000000000000 DR1: 0000000000000000 DR2: 0000000000000000
Feb 24 06:38:24 ubuntu-server kernel: [    0.160000] DR3: 0000000000000000 DR6: 00000000fffe07f0 DR7: 0000000000000400
Feb 24 06:38:24 ubuntu-server kernel: [    0.160000] PKRU: 00000000
Feb 24 06:38:24 ubuntu-server kernel: [    0.160000] Call Trace:
Feb 24 06:38:24 ubuntu-server kernel: [    0.160000]  ? printk+0x52/0x6e
Feb 24 06:38:24 ubuntu-server kernel: [    0.160000]  ? merge_attr+0x8f/0x8f
Feb 24 06:38:24 ubuntu-server kernel: [    0.160000]  init_hw_perf_events+0x4e/0x610
Feb 24 06:38:24 ubuntu-server kernel: [    0.160000]  ? init_hw_perf_events+0x4e/0x610
Feb 24 06:38:24 ubuntu-server kernel: [    0.160000]  ? merge_attr+0x8f/0x8f
Feb 24 06:38:24 ubuntu-server kernel: [    0.160000]  do_one_initcall+0x52/0x1a0
Feb 24 06:38:24 ubuntu-server kernel: [    0.160000]  ? proc_create_data+0x70/0xb0
Feb 24 06:38:24 ubuntu-server kernel: [    0.160000]  ? vmstat_shepherd+0xb0/0xb0
Feb 24 06:38:24 ubuntu-server kernel: [    0.160000]  ? proc_create+0x14/0x20
Feb 24 06:38:24 ubuntu-server kernel: [    0.160000]  kernel_init_freeable+0xfa/0x259
Feb 24 06:38:24 ubuntu-server kernel: [    0.160000]  ? rest_init+0xb0/0xb0
Feb 24 06:38:24 ubuntu-server kernel: [    0.160000]  kernel_init+0xe/0x110
Feb 24 06:38:24 ubuntu-server kernel: [    0.160000]  ret_from_fork+0x1f/0x40
Feb 24 06:38:24 ubuntu-server kernel: [    0.160000] Code: 09 fb ff b8 01 00 00 00 48 d3 e0 48 ff c8 83 fe 03 48 89 05 dc 09 fb ff 7e 1d ba 03 00 00 00 48 c7 c7 40 72 ab ae e8 d9 50 9e fe <0f> 0b c7 05 dd 08 fb ff 03 00 00 00 8b 0d d7 08 fb ff b8 01 00 
Feb 24 06:38:24 ubuntu-server kernel: [    0.160000] ---[ end trace 210ad0782e00ff61 ]---
Feb 24 06:38:24 ubuntu-server kernel: [    0.160000] full-width counters, Intel PMU driver.
Feb 24 06:38:24 ubuntu-server kernel: [    0.160000] ... version:                5
Feb 24 06:38:24 ubuntu-server kernel: [    0.160000] ... bit width:              48
Feb 24 06:38:24 ubuntu-server kernel: [    0.160000] ... generic registers:      8
Feb 24 06:38:24 ubuntu-server kernel: [    0.160000] ... value mask:             0000ffffffffffff
Feb 24 06:38:24 ubuntu-server kernel: [    0.160000] ... max period:             00007fffffffffff
Feb 24 06:38:24 ubuntu-server kernel: [    0.160000] ... fixed-purpose events:   3
Feb 24 06:38:24 ubuntu-server kernel: [    0.160000] ... event mask:             00000007000000ff
Feb 24 06:38:24 ubuntu-server kernel: [    0.160000] Hierarchical SRCU implementation.
Feb 24 06:38:24 ubuntu-server kernel: [    0.168040] smp: Bringing up secondary CPUs ...
Feb 24 06:38:24 ubuntu-server kernel: [    0.168883] NMI watchdog: Enabled. Permanently consumes one hw-PMU counter.
Feb 24 06:38:24 ubuntu-server kernel: [    0.169099] x86: Booting SMP configuration:
Feb 24 06:38:24 ubuntu-server kernel: [    0.169101] .... node  #0, CPUs:          #1
Feb 24 06:38:24 ubuntu-server kernel: [    0.004000] x86/cpu: Activated the Intel User Mode Instruction Prevention (UMIP) CPU feature
Feb 24 06:38:24 ubuntu-server kernel: [    0.303232]    #2
Feb 24 06:38:24 ubuntu-server kernel: [    0.004000] x86/cpu: Activated the Intel User Mode Instruction Prevention (UMIP) CPU feature
Feb 24 06:38:24 ubuntu-server kernel: [    0.431596]    #3
Feb 24 06:38:24 ubuntu-server kernel: [    0.004000] x86/cpu: Activated the Intel User Mode Instruction Prevention (UMIP) CPU feature
Feb 24 06:38:24 ubuntu-server kernel: [    0.559157]    #4
Feb 24 06:38:24 ubuntu-server kernel: [    0.004000] x86/cpu: Activated the Intel User Mode Instruction Prevention (UMIP) CPU feature
Feb 24 06:38:24 ubuntu-server kernel: [    0.686548]    #5
Feb 24 06:38:24 ubuntu-server kernel: [    0.004000] x86/cpu: Activated the Intel User Mode Instruction Prevention (UMIP) CPU feature
Feb 24 06:38:24 ubuntu-server kernel: [    0.817168]    #6
Feb 24 06:38:24 ubuntu-server kernel: [    0.004000] x86/cpu: Activated the Intel User Mode Instruction Prevention (UMIP) CPU feature
Feb 24 06:38:24 ubuntu-server kernel: [    0.947249]    #7
Feb 24 06:38:24 ubuntu-server kernel: [    0.004000] x86/cpu: Activated the Intel User Mode Instruction Prevention (UMIP) CPU feature
Feb 24 06:38:24 ubuntu-server kernel: [    1.072991]    #8
Feb 24 06:38:24 ubuntu-server kernel: [    0.004000] x86/cpu: Activated the Intel User Mode Instruction Prevention (UMIP) CPU feature
Feb 24 06:38:24 ubuntu-server kernel: [    1.203193]    #9
Feb 24 06:38:24 ubuntu-server kernel: [    0.004000] x86/cpu: Activated the Intel User Mode Instruction Prevention (UMIP) CPU feature
Feb 24 06:38:24 ubuntu-server kernel: [    1.331337]   #10
Feb 24 06:38:24 ubuntu-server kernel: [    0.004000] x86/cpu: Activated the Intel User Mode Instruction Prevention (UMIP) CPU feature
Feb 24 06:38:24 ubuntu-server kernel: [    1.457527]   #11
Feb 24 06:38:24 ubuntu-server kernel: [    0.004000] x86/cpu: Activated the Intel User Mode Instruction Prevention (UMIP) CPU feature
Feb 24 06:38:24 ubuntu-server kernel: [    1.582325]   #12
Feb 24 06:38:24 ubuntu-server kernel: [    0.004000] x86/cpu: Activated the Intel User Mode Instruction Prevention (UMIP) CPU feature
Feb 24 06:38:24 ubuntu-server kernel: [    1.706416]   #13
